Archive member included because of file (symbol)

AppLayer.a(main.o)            cstart.o (main)
AppLayer.a(wdog.o)            AppLayer.a(main.o) (K_B_InitWdog)
AppLayer.a(mcu_init.o)        cstart.o (K_V_InitMcu)
AppLayer.a(system.o)          AppLayer.a(wdog.o) (K_V_Disable_int)
AppLayer.a(unitinfo.o)        AppLayer.a(main.o) (K_V_KernelHWInfoUpdate)
AppLayer.a(Memory.o)          AppLayer.a(unitinfo.o) (KC_V_CpyMem)
AppLayer.a(checksum.o)        AppLayer.a(unitinfo.o) (KC_U16_CalcChecksum)
AppLayer.a(RTOS_Chibios.o)    AppLayer.a(main.o) (OS_U16_GetStackLoadPercent)
AppLayer.a(EEPROMdrv.o)       AppLayer.a(main.o) (K_V_InitSpiEprom)
AppLayer.a(InfoBlocks.o)      TELEMATICS_VERIFICATION_V1.OBJ (_AppId1)
AppLayer.a(chcore_v7m.o)      AppLayer.a(RTOS_Chibios.o) (SVCallVector)
AppLayer.a(nvic.o)            AppLayer.a(chcore_v7m.o) (nvicSetSystemHandlerPriority)
AppLayer.a(chsys.o)           AppLayer.a(RTOS_Chibios.o) (chSysInit)
AppLayer.a(chvt.o)            AppLayer.a(chsys.o) (_vt_init)
AppLayer.a(chschd.o)          AppLayer.a(chcore_v7m.o) (rlist)
AppLayer.a(chthreads.o)       AppLayer.a(chsys.o) (_thread_init)
AppLayer.a(chregistry.o)      AppLayer.a(chsys.o) (ch_debug)
AppLayer.a(chsem.o)           AppLayer.a(RTOS_Chibios.o) (chSemInit)
AppLayer.a(chmtx.o)           AppLayer.a(RTOS_Chibios.o) (chMtxInit)
AppLayer.a(chevents.o)        AppLayer.a(RTOS_Chibios.o) (chEvtRegisterMask)
AppLayer.a(chqueues.o)        AppLayer.a(RTOS_Chibios.o) (chIQPutI)
AppLayer.a(chmemcore.o)       AppLayer.a(chsys.o) (_core_init)
AppLayer.a(chheap.o)          AppLayer.a(chsys.o) (_heap_init)
AppLayer.a(chdynamic.o)       AppLayer.a(chthreads.o) (chThdRelease)
AppLayer.a(LG_MC024_110_config.o)
                              AppLayer.a(mcu_init.o) (ECU_V_InitExtMemBus)
AppLayer.a(datacontainer.o)   AppLayer.a(chsys.o) (idle)
AppLayer.a(task.o)            AppLayer.a(main.o) (ECU_U16_InitApplicationLayer)
AppLayer.a(DriverConfig.o)    AppLayer.a(EEPROMdrv.o) (g_KU8_SPI_ChipSelectEE)
AppLayer.a(interface.o)       AppLayer.a(task.o) (g_KpSA_MFOUT_MC_Ptr)
AppLayer.a(CalcProgramCrc.o)  AppLayer.a(datacontainer.o) (AC_V_CalcProgramCrc)
AppLayer.a(EEUSER.o)          AppLayer.a(task.o) (AC_B_UserStorageInProgress)
AppLayer.a(Dio.o)             AppLayer.a(EEPROMdrv.o) (AC_V_DioWriteChannel)
AppLayer.a(MM_Dio.o)          AppLayer.a(Dio.o) (AC_E_MMDioReadChannel)
AppLayer.a(SERIAL_Stub_Dio.o)
                              AppLayer.a(Dio.o) (AC_E_SERIALDioReadChannel)
AppLayer.a(SPI_ChipSelects.o)
                              AppLayer.a(LG_MC024_110_config.o) (AC_V_InitSPI_ChipSelects)
AppLayer.a(CAN.o)             AppLayer.a(task.o) (AC_U32_CANInterfaceGetBaudrate)
AppLayer.a(KWP2kService.o)    AppLayer.a(task.o) (AC_V_PreInitKwp2k)
AppLayer.a(CanSymbol.o)       MC024_110_LG_112T.OBJ (_CANSYM_RX_ADD)
AppLayer.a(LED1.o)            AppLayer.a(task.o) (AC_V_StdLedUpdate)
AppLayer.a(LG_D4.o)           AppLayer.a(task.o) (AC_V_D1InUpdate)
AppLayer.a(LG_DAR2.o)         AppLayer.a(task.o) (AC_V_DAInTR_MC_UpdateIn)
AppLayer.a(LG_DA3.o)          AppLayer.a(task.o) (AC_V_DAIn_MC_Update)
AppLayer.a(LG_DAF1.o)         AppLayer.a(task.o) (AC_V_MFInDAF_MC_Init)
AppLayer.a(LG_PWM2.o)         AppLayer.a(task.o) (AC_V_MFOut_MC_UpdateIn)
AppLayer.a(LG_VLDP.o)         AppLayer.a(task.o) (AC_V_VLDP_MC_Update)
AppLayer.a(LG_5V_SNSR_PWR.o)  AppLayer.a(task.o) (AC_V_5VSensorPwrInUpdate)
AppLayer.a(NVAPI.o)           AppLayer.a(EEUSER.o) (KC_B_NVAPI_IsPending)
AppLayer.a(CtrMaier.o)        AppLayer.a(LG_DAF1.o) (KC_S32_MaiersFilterControl)
AppLayer.a(dac.o)             AppLayer.a(task.o) (K_V_DacInit)
AppLayer.a(MCAL_Dio.o)        AppLayer.a(Dio.o) (K_E_McalDioReadChannel)
AppLayer.a(adcComplex.o)      AppLayer.a(task.o) (K_V_AdcComplexPreInit)
AppLayer.a(vector.o)          AppLayer.a(main.o) (K_V_InitVectTable)
AppLayer.a(CanSTM32f2xx.o)    AppLayer.a(CAN.o) (g_S_CanSTM32f2xxDriver)
AppLayer.a(CurrentDriver.o)   AppLayer.a(DriverConfig.o) (K_V_BattAvgCallback)
AppLayer.a(iDriveInterface.o)
                              AppLayer.a(LG_PWM2.o) (K_U16_SetPWM_Frequency)
AppLayer.a(History.o)         AppLayer.a(task.o) (KC_U16_InitHistory)
AppLayer.a(SerialDriver.o)    AppLayer.a(CAN.o) (KC_E_InitSerialDriver)
AppLayer.a(SPI.o)             AppLayer.a(EEPROMdrv.o) (K_U8_WriteByteSPI)
AppLayer.a(CanData.o)         AppLayer.a(CanSymbol.o) (KC_V_SetCanID)
AppLayer.a(Streams.o)         AppLayer.a(CAN.o) (KC_V_InitStreamWriter)
AppLayer.a(Socket.o)          AppLayer.a(CAN.o) (KC_E_SocketInit)
AppLayer.a(BasicCanSocket.o)  AppLayer.a(CAN.o) (KC_KS_BasicCanSocketClass)
AppLayer.a(KWP2kSocket.o)     AppLayer.a(KWP2kService.o) (KC_V_KWP2kProcess)
AppLayer.a(KWP2kApp.o)        AppLayer.a(KWP2kService.o) (KC_V_KWP2kAppInit)
AppLayer.a(ICU.o)             AppLayer.a(task.o) (K_V_Icu_Init)
AppLayer.a(Icu_Irq.o)         AppLayer.a(iDriveInterface.o) (K_V_SetTimer10_Callback)
AppLayer.a(CRC32_STM32F2xx.o)
[...]
Memory Configuration

Name             Origin             Length             Attributes
VECTORTABLERAM   0x20000000         0x00000400         xrw
BOOTSHAREDRAM    0x20000400         0x00000040         xrw
SECBOOTSHAREDRAM 0x20000440         0x00000040         xrw
RAM              0x20000480         0x0001f580         xrw
STACK            0x2001fa00         0x00000600         xrw
KRNVECTORTABLEFLASH 0x08004000         0x00000040         xr
KRNVALIDAPPFLASH 0x08004040         0x00000004         xr
KRNCRCTABLEFLASH 0x08004044         0x00000014         xr
RSVDFORSECONDBOOT 0x08004058         0x00000008         xr
KRNFLASH_I       0x08004060         0x00003fa0         xr
KRNFLASH         0x08008000         0x00078000         xr
KRNSERFLASH      0x01000000         0x00010000         xr
SERFLASH         0x01010000         0x003f0000         xr
*default*        0x00000000         0xffffffff

Linker script and memory map

LOAD _TIMEKEY.o
LOAD _NVDATA.o
LOAD diagdata.o
LOAD _DynamicDiagnostic.o
LOAD TELEMATICS_VERIFICATION_V1.OBJ
LOAD MC024_110_LG_112T.OBJ
LOAD stubextfunc.o
LOAD stubbootfunc.o
LOAD cstart.o
LOAD HexRangeCrcTables.o
LOAD AppLayer.a
LOAD C:\ProgramData\Danfoss\PLUS1\10.1\Data\ExtCompiler\ARM\v4.7-2013q2\arm-none-eabi\lib\armv7-m\libm.a
LOAD C:\ProgramData\Danfoss\PLUS1\10.1\Data\ExtCompiler\ARM\v4.7-2013q2\lib\gcc\arm-none-eabi\4.7.4\armv7-m\libgcc.a
LOAD C:\ProgramData\Danfoss\PLUS1\10.1\Data\ExtCompiler\ARM\v4.7-2013q2\arm-none-eabi\lib\armv7-m\libg.a
LOAD C:\ProgramData\Danfoss\PLUS1\10.1\Data\ExtCompiler\ARM\v4.7-2013q2\arm-none-eabi\lib\armv7-m\libc.a
                0x00000400                __main_stack_size__ = 0x400
                0x00000200                __process_stack_size__ = 0x200
                0x00000600                __stacks_total_size__ = (__main_stack_size__ + __process_stack_size__)
                0x20000480                __ram_start__ = ORIGIN (RAM)
                0x0001f580                __ram_size__ = 0x1f580
                0x2001fa00                __ram_end__ = (__ram_start__ + __ram_size__)
                0x2001fc00                __process_stack_start__ = (ORIGIN (STACK) + __process_stack_size__)
                0x20020000                __main_stack_start__ = (ORIGIN (STACK) + __stacks_total_size__)
                0x00000004                _validData_size = 0x4
                0x00000000                . = 0x0

.isr_vector     0x08004000       0x40
                0x08004000                . = ALIGN (0x4)
                0x08004000                __krn_vector_table_start = .
 *(.isr_vector)
 .isr_vector    0x08004000       0x40 cstart.o
                0x08004000                g_pF_Vectors
                0x08004040                . = ALIGN (0x4)
                0x08004040                __krn_vector_table_end = .

.validApp       0x08004040        0x4
                0x08004040                . = ALIGN (0x4)
                0x08004040                _validData = .
 *(.validApp)
 .validApp      0x08004040        0x4 AppLayer.a(datacontainer.o)
                0x08004040                g_KU32A_ValidAppPlaceHolder

.CRCField       0x08004044       0x14
                0x08004044                . = ALIGN (0x4)
                0x08004044                PROVIDE (_CRCSTART, .)
 *(.CRCField)
 .CRCField      0x08004044       0x14 HexRangeCrcTables.o
                0x08004044                g_KU16A_CRCLoc
                0x08004058                . = ALIGN (0x4)

.textKrnl       0x08004060     0x31b4
 *AppLayer.a:vector.o(.text.*)
 .text.K_V_InitVectTable
                0x08004060       0x44 AppLayer.a(vector.o)
                0x08004060                K_V_InitVectTable
 .text.K_V_InitVecCtrl
                0x080040a4        0x4 AppLayer.a(vector.o)
                0x080040a4                K_V_InitVecCtrl
 .text.K_V_VectorHandlerSet
                0x080040a8       0x10 AppLayer.a(vector.o)
                0x080040a8                K_V_VectorHandlerSet
 .text.K_V_VectorEnable
                0x080040b8       0x58 AppLayer.a(vector.o)
                0x080040b8                K_V_VectorEnable
 *AppLayer.a:chmempools.o(.text.*)
 *AppLayer.a:chheap.o(.text.*)
 .text._heap_init
                0x08004110       0x20 AppLayer.a(chheap.o)
                0x08004110                _heap_init
 *AppLayer.a:KWP2kSocket.o(.text.*)
 .text.M_E_KWP2kSocketInit
                0x08004130       0x24 AppLayer.a(KWP2kSocket.o)
 .text.M_E_KWP2kSocketGet
                0x08004154       0x3c AppLayer.a(KWP2kSocket.o)
 .text.M_E_KWP2kSocketWriteToStream
                0x08004190       0x64 AppLayer.a(KWP2kSocket.o)
 .text.KC_V_SetTimeOut
                0x080041f4       0x14 AppLayer.a(KWP2kSocket.o)
                0x080041f4                KC_V_SetTimeOut
 .text.M_E_mKWP2kSocketReadFromStream
                0x08004208      0x208 AppLayer.a(KWP2kSocket.o)
 .text.M_E_KWP2kSocketPut
                0x08004410      0x1b8 AppLayer.a(KWP2kSocket.o)
 .text.KC_B_HasTimedOut
                0x080045c8       0x28 AppLayer.a(KWP2kSocket.o)
                0x080045c8                KC_B_HasTimedOut
 .text.KC_V_KWP2kProcess
                0x080045f0      0x18c AppLayer.a(KWP2kSocket.o)
                0x080045f0                KC_V_KWP2kProcess
 .text.KC_V_KWP2kEnable
                0x0800477c        0x8 AppLayer.a(KWP2kSocket.o)
                0x0800477c                KC_V_KWP2kEnable
 .text.KC_B_KWP2kIsEnabled
                0x08004784        0x8 AppLayer.a(KWP2kSocket.o)
                0x08004784                KC_B_KWP2kIsEnabled
 *AppLayer.a:chcore_v7m.o(.text.*)
 .text._port_switch_from_isr
                0x0800478c        0x8 AppLayer.a(chcore_v7m.o)
                0x0800478c                _port_switch_from_isr
 .text.SVCallVector
                0x08004794       0x14 AppLayer.a(chcore_v7m.o)
                0x08004794                SVCallVector
 .text._port_init
                0x080047a8       0x3c AppLayer.a(chcore_v7m.o)
                0x080047a8                _port_init
 .text._port_irq_epilogue
                0x080047e4       0x70 AppLayer.a(chcore_v7m.o)
                0x080047e4                _port_irq_epilogue
 .text.SysTickVector
                0x08004854       0x1c AppLayer.a(chcore_v7m.o)
                0x08004854                SysTickVector
 .text._port_switch
                0x08004870       0x10 AppLayer.a(chcore_v7m.o)
                0x08004870                _port_switch
 .text._port_thread_start
                0x08004880       0x10 AppLayer.a(chcore_v7m.o)
                0x08004880                _port_thread_start
 *AppLayer.a:chschd.o(.text.*)
 .text.wakeup   0x08004890       0x5c AppLayer.a(chschd.o)
 .text._scheduler_init
                0x080048ec       0x18 AppLayer.a(chschd.o)
                0x080048ec                _scheduler_init
 .text.chSchReadyI
                0x08004904       0x20 AppLayer.a(chschd.o)
                0x08004904                chSchReadyI
 .text.chSchGoSleepS
                0x08004924       0x28 AppLayer.a(chschd.o)
                0x08004924                chSchGoSleepS
 .text.chSchGoSleepTimeoutS
                0x0800494c       0x40 AppLayer.a(chschd.o)
                0x0800494c                chSchGoSleepTimeoutS
 .text.chSchWakeupS
                0x0800498c       0x58 AppLayer.a(chschd.o)
                0x0800498c                chSchWakeupS
 .text.chSchDoRescheduleBehind
                0x080049e4       0x40 AppLayer.a(chschd.o)
                0x080049e4                chSchDoRescheduleBehind
 .text.chSchDoRescheduleAhead
                0x08004a24       0x3c AppLayer.a(chschd.o)
                0x08004a24                chSchDoRescheduleAhead
 .text.chSchRescheduleS
                0x08004a60       0x18 AppLayer.a(chschd.o)
                0x08004a60                chSchRescheduleS
 .text.chSchDoReschedule
                0x08004a78       0x14 AppLayer.a(chschd.o)
                0x08004a78                chSchDoReschedule
 *AppLayer.a:EEPROMdrv.o(.text.*)
 .text.M_V_CSOn
                0x08004a8c       0x38 AppLayer.a(EEPROMdrv.o)
 .text.M_V_CSOff
                0x08004ac4       0x34 AppLayer.a(EEPROMdrv.o)
 .text.M_U16_ReadEprom
                0x08004af8       0xac AppLayer.a(EEPROMdrv.o)
 .text.M_U16_WriteEprom
                0x08004ba4      0x138 AppLayer.a(EEPROMdrv.o)
 .text.K_V_InitSpiEprom
                0x08004cdc        0x4 AppLayer.a(EEPROMdrv.o)
                0x08004cdc                K_V_InitSpiEprom
 .text.K_U16_CaptureModeSpiEprom
                0x08004ce0       0x4c AppLayer.a(EEPROMdrv.o)
                0x08004ce0                K_U16_CaptureModeSpiEprom
 .text.K_U16_WriteSpiEpromBlock
                0x08004d2c       0xb0 AppLayer.a(EEPROMdrv.o)
                0x08004d2c                K_U16_WriteSpiEpromBlock
 .text.K_U16_ReadSpiEpromBlockDirect
                0x08004ddc       0x14 AppLayer.a(EEPROMdrv.o)
                0x08004ddc                K_U16_ReadSpiEpromBlockDirect
 *AppLayer.a:chsys.o(.text.*)
 .text._idle_thread
                0x08004df0       0x18 AppLayer.a(chsys.o)
                0x08004df0                _idle_thread
 .text.chSysInit
                0x08004e08       0x68 AppLayer.a(chsys.o)
                0x08004e08                chSysInit
 .text.chSysTimerHandlerI
                0x08004e70       0x58 AppLayer.a(chsys.o)
                0x08004e70                chSysTimerHandlerI
 *AppLayer.a:chmtx.o(.text.*)
 .text.chMtxInit
                0x08004ec8        0xc AppLayer.a(chmtx.o)
                0x08004ec8                chMtxInit
 .text.chMtxLockS
                0x08004ed4       0xc4 AppLayer.a(chmtx.o)
                0x08004ed4                chMtxLockS
 .text.chMtxLock
                0x08004f98       0x14 AppLayer.a(chmtx.o)
                0x08004f98                chMtxLock
 .text.chMtxTryLockS
                0x08004fac       0x20 AppLayer.a(chmtx.o)
                0x08004fac                chMtxTryLockS
 .text.chMtxTryLock
                0x08004fcc       0x14 AppLayer.a(chmtx.o)
                0x08004fcc                chMtxTryLock
 .text.chMtxUnlock
                0x08004fe0       0x5c AppLayer.a(chmtx.o)
                0x08004fe0                chMtxUnlock
 *AppLayer.a:system.o(.text.*)
 .text.K_U32_GetSystemUs
                0x0800503c        0x8 AppLayer.a(system.o)
                0x0800503c                K_U32_GetSystemUs
 .text.K_V_DelayUs
                0x08005044       0x20 AppLayer.a(system.o)
                0x08005044                K_V_DelayUs
 .text.K_V_DelayMs
                0x08005064       0x38 AppLayer.a(system.o)
                0x08005064                K_V_DelayMs
 .text.K_V_SystemReset
                0x0800509c       0x24 AppLayer.a(system.o)
                0x0800509c                K_V_SystemReset
 .text.K_V_Disable_int
                0x080050c0        0x4 AppLayer.a(system.o)
                0x080050c0                K_V_Disable_int
 .text.K_V_Enable_int
                0x080050c4        0x4 AppLayer.a(system.o)
                0x080050c4                K_V_Enable_int
 .text.K_V_InitSystemTimer
                0x080050c8       0x30 AppLayer.a(system.o)
                0x080050c8                K_V_InitSystemTimer
 .text.K_B_InIsr
                0x080050f8       0x18 AppLayer.a(system.o)
                0x080050f8                K_B_InIsr
 *AppLayer.a:chthreads.o(.text.*)
 .text._thread_init
                0x08005110       0x48 AppLayer.a(chthreads.o)
                0x08005110                _thread_init
 .text.chThdCreateI
                0x08005158       0x6c AppLayer.a(chthreads.o)
                0x08005158                chThdCreateI
 .text.chThdCreateStatic
                0x080051c4       0x2c AppLayer.a(chthreads.o)
                0x080051c4                chThdCreateStatic
 .text.chThdSleep
                0x080051f0       0x18 AppLayer.a(chthreads.o)
                0x080051f0                chThdSleep
 .text.chThdExitS
                0x08005208       0x40 AppLayer.a(chthreads.o)
                0x08005208                chThdExitS
 .text.chThdExit
                0x08005248        0xc AppLayer.a(chthreads.o)
                0x08005248                chThdExit
 *AppLayer.a:History.o(.text.*)
 .text.KC_U16_InitHistory
                0x08005254       0xc8 AppLayer.a(History.o)
                0x08005254                KC_U16_InitHistory
 .text.KC_U16_SetHistoryEntry
                0x0800531c       0xe4 AppLayer.a(History.o)
                0x0800531c                KC_U16_SetHistoryEntry
 .text.KC_U16_GetHistoryEntry
                0x08005400       0xa0 AppLayer.a(History.o)
                0x08005400                KC_U16_GetHistoryEntry
 *AppLayer.a:CanSTM32f2xx.o(.text.*)
 .text.meEnterSetupMode
                0x080054a0       0x5c AppLayer.a(CanSTM32f2xx.o)
 .text.M_E_CanSTM32f2xxStartInstance
                0x080054fc       0x4c AppLayer.a(CanSTM32f2xx.o)
 .text.M_E_CanSTM32f2xxStopInstance
                0x08005548        0x4 AppLayer.a(CanSTM32f2xx.o)
 .text.M_E_CanSTM32f2xxDisableInterrupts
                0x0800554c       0x38 AppLayer.a(CanSTM32f2xx.o)
 .text.M_E_CanSTM32f2xxEnableInterrupts
                0x08005584       0x2c AppLayer.a(CanSTM32f2xx.o)
 .text.M_E_CanSTM32f2xxSetBaudRate
                0x080055b0       0xa8 AppLayer.a(CanSTM32f2xx.o)
 .text.M_E_CanSTM32f2xxInitInstance
                0x08005658       0x54 AppLayer.a(CanSTM32f2xx.o)
 .text.M_E_CanSTM32f2xxInitTxChannel
                0x080056ac       0x18 AppLayer.a(CanSTM32f2xx.o)
 .text.M_E_CanSTM32f2xxInitRxChannel
                0x080056c4       0xf0 AppLayer.a(CanSTM32f2xx.o)
 .text.M_E_CanSTM32f2xxGetDriverInstanceStatus
                0x080057b4       0x38 AppLayer.a(CanSTM32f2xx.o)
 .text.M_E_CanSTM32F2xxRegisterTxISR
                0x080057ec       0x64 AppLayer.a(CanSTM32f2xx.o)
 .text.M_E_CanSTM32F2xxRegisterRxISR
                0x08005850       0xc4 AppLayer.a(CanSTM32f2xx.o)
 .text.M_V_CANxTxxISR
                0x08005914       0x7c AppLayer.a(CanSTM32f2xx.o)
 .text.M_V_CAN1Tx0ISR
                0x08005990       0x14 AppLayer.a(CanSTM32f2xx.o)
 .text.M_V_CAN0Tx0ISR
                0x080059a4       0x18 AppLayer.a(CanSTM32f2xx.o)
 .text.M_V_CANxRxxISR
                0x080059bc      0x154 AppLayer.a(CanSTM32f2xx.o)
 .text.M_V_CAN1Rx1ISR
                0x08005b10       0x14 AppLayer.a(CanSTM32f2xx.o)
 .text.M_V_CAN1Rx0ISR
                0x08005b24       0x14 AppLayer.a(CanSTM32f2xx.o)
 .text.M_V_CAN0Rx1ISR
                0x08005b38       0x14 AppLayer.a(CanSTM32f2xx.o)
 .text.M_V_CAN0Rx0ISR
                0x08005b4c       0x18 AppLayer.a(CanSTM32f2xx.o)
 .text.M_E_CanSTM32f2xxTransmit
                0x08005b64      0x120 AppLayer.a(CanSTM32f2xx.o)
 .text.M_E_CanSTM32f2xxInit
                0x08005c84       0xd8 AppLayer.a(CanSTM32f2xx.o)
 .text.Tx1thread
                0x08005d5c       0x30 AppLayer.a(CanSTM32f2xx.o)
 .text.Tx0thread
                0x08005d8c       0x30 AppLayer.a(CanSTM32f2xx.o)
 .text.Rx1thread
                0x08005dbc       0x2c AppLayer.a(CanSTM32f2xx.o)
 .text.Rx0thread
                0x08005de8       0x2c AppLayer.a(CanSTM32f2xx.o)
 *AppLayer.a:RTOS_Chibios.o(.text.*)
 .text.OS_U16_GetStackLoadPercent
                0x08005e14      0x10c AppLayer.a(RTOS_Chibios.o)
                0x08005e14                OS_U16_GetStackLoadPercent
 .text.M_V_OSTask
                0x08005f20       0x74 AppLayer.a(RTOS_Chibios.o)
 .text.OS_V_CreateTask
                0x08005f94       0x6c AppLayer.a(RTOS_Chibios.o)
                0x08005f94                OS_V_CreateTask
 .text.OS_U32_RunTask
                0x08006000       0x20 AppLayer.a(RTOS_Chibios.o)
                0x08006000                OS_U32_RunTask
 .text.OS_V_DelayMS
                0x08006020       0x24 AppLayer.a(RTOS_Chibios.o)
                0x08006020                OS_V_DelayMS
 .text.OS_V_DelayuS
                0x08006044       0x24 AppLayer.a(RTOS_Chibios.o)
                0x08006044                OS_V_DelayuS
 .text.OS_V_DisableTimeout
                0x08006068       0x48 AppLayer.a(RTOS_Chibios.o)
                0x08006068                OS_V_DisableTimeout
 .text.OS_V_EnableSamplingMS
                0x080060b0       0x5c AppLayer.a(RTOS_Chibios.o)
                0x080060b0                OS_V_EnableSamplingMS
 .text.OS_U16_Sleep
                0x0800610c       0x40 AppLayer.a(RTOS_Chibios.o)
                0x0800610c                OS_U16_Sleep
 .text.OS_U32_GetTimeMs
                0x0800614c        0xc AppLayer.a(RTOS_Chibios.o)
                0x0800614c                OS_U32_GetTimeMs
 .text.OS_V_InitOS
                0x08006158       0x58 AppLayer.a(RTOS_Chibios.o)
                0x08006158                OS_V_InitOS
 .text.OS_V_UpdateTimers
                0x080061b0      0x19c AppLayer.a(RTOS_Chibios.o)
                0x080061b0                OS_V_UpdateTimers
 .text.OS_V_InitSemaphore
                0x0800634c        0x8 AppLayer.a(RTOS_Chibios.o)
                0x0800634c                OS_V_InitSemaphore
 .text.OS_V_RtosBasicInit
                0x08006354       0x78 AppLayer.a(RTOS_Chibios.o)
                0x08006354                OS_V_RtosBasicInit
 .text.OS_B_SemaphoreWait
                0x080063cc       0x1c AppLayer.a(RTOS_Chibios.o)
                0x080063cc                OS_B_SemaphoreWait
 .text.OS_V_SemaphoreSignal
                0x080063e8       0x20 AppLayer.a(RTOS_Chibios.o)
                0x080063e8                OS_V_SemaphoreSignal
 .text._OS_MicroSec
                0x08006408       0x78 AppLayer.a(RTOS_Chibios.o)
                0x08006408                _OS_MicroSec
 .text.OS_V_Exit
                0x08006480        0x8 AppLayer.a(RTOS_Chibios.o)
                0x08006480                OS_V_Exit
 .text.OS_V_MutexInit
                0x08006488        0xc AppLayer.a(RTOS_Chibios.o)
                0x08006488                OS_V_MutexInit
 .text.OS_V_MutexLock
                0x08006494        0x4 AppLayer.a(RTOS_Chibios.o)
                0x08006494                OS_V_MutexLock
 .text.OS_B_MutexTryLock
                0x08006498        0x4 AppLayer.a(RTOS_Chibios.o)
                0x08006498                OS_B_MutexTryLock
 .text.OS_V_MutexUnlock
                0x0800649c        0x4 AppLayer.a(RTOS_Chibios.o)
                0x0800649c                OS_V_MutexUnlock
 .text.OS_V_SysLockFromIsr
                0x080064a0        0x8 AppLayer.a(RTOS_Chibios.o)
                0x080064a0                OS_V_SysLockFromIsr
 .text.OS_V_SysUnlockFromIsr
                0x080064a8        0x8 AppLayer.a(RTOS_Chibios.o)
                0x080064a8                OS_V_SysUnlockFromIsr
 .text.OS_V_EventSignalI
                0x080064b0        0xc AppLayer.a(RTOS_Chibios.o)
                0x080064b0                OS_V_EventSignalI
 .text.OS_P_CreateThreadStatic
                0x080064bc        0x4 AppLayer.a(RTOS_Chibios.o)
                0x080064bc                OS_P_CreateThreadStatic
 .text.OS_V_EventRegisterMask
                0x080064c0        0xc AppLayer.a(RTOS_Chibios.o)
                0x080064c0                OS_V_EventRegisterMask
 .text.OS_V_EventWaitOne
                0x080064cc        0xc AppLayer.a(RTOS_Chibios.o)
                0x080064cc                OS_V_EventWaitOne
 .text.OS_V_EventInit
                0x080064d8        0x4 AppLayer.a(RTOS_Chibios.o)
                0x080064d8                OS_V_EventInit
 cstart.o(.text.*)
 .text.K_V_DefaultHandler
                0x080064dc       0x40 cstart.o
                0x080064dc                K_V_DefaultHandler
 .text.M_V_DefaultHandler1
                0x0800651c        0x8 cstart.o
 .text.M_V_DefaultHandler2
                0x08006524        0x8 cstart.o
 .text.M_V_DefaultHandler3
                0x0800652c        0x8 cstart.o
 .text.M_V_DefaultHandler4
                0x08006534        0x8 cstart.o
 .text.M_V_DefaultHandler5
                0x0800653c        0x8 cstart.o
 .text.M_V_DefaultHandler6
                0x08006544        0x8 cstart.o
 .text.M_V_DefaultHandler7
                0x0800654c        0x8 cstart.o
 .text.M_V_DefaultHandler8
                0x08006554        0x8 cstart.o
 .text.M_B_TestAddressBus
                0x0800655c       0xc4 cstart.o
                0x0800655c                M_B_TestAddressBus
 .text.M_B_TestDevice
                0x08006620       0xe4 cstart.o
                0x08006620                M_B_TestDevice
 .text.M_V_ResetHandler
                0x08006704      0x294 cstart.o
 *AppLayer.a:CAN.o(.text.*)
 .text.AC_U32_CANInterfaceGetBaudrate
                0x08006998       0x18 AppLayer.a(CAN.o)
                0x08006998                AC_U32_CANInterfaceGetBaudrate
 .text.AC_U32_CANInterfaceBaudToBootIndex
                0x080069b0       0x78 AppLayer.a(CAN.o)
                0x080069b0                AC_U32_CANInterfaceBaudToBootIndex
 .text.AC_V_CANPreInit
                0x08006a28      0x140 AppLayer.a(CAN.o)
                0x08006a28                AC_V_CANPreInit
 .text.AC_V_CANInit
                0x08006b68       0x50 AppLayer.a(CAN.o)
                0x08006b68                AC_V_CANInit
 .text.AC_V_ProcessCan
                0x08006bb8       0xf4 AppLayer.a(CAN.o)
                0x08006bb8                AC_V_ProcessCan
 *AppLayer.a:core_cm3.o(.text.*)
 *AppLayer.a:chmemcore.o(.text.*)
 .text._core_init
                0x08006cac       0x2c AppLayer.a(chmemcore.o)
                0x08006cac                _core_init
 .text.chCoreAlloc
                0x08006cd8       0x34 AppLayer.a(chmemcore.o)
                0x08006cd8                chCoreAlloc
 *AppLayer.a:chvt.o(.text.*)
 .text._vt_init
                0x08006d0c       0x18 AppLayer.a(chvt.o)
                0x08006d0c                _vt_init
 .text.chVTSetI
                0x08006d24       0x38 AppLayer.a(chvt.o)
                0x08006d24                chVTSetI
 .text.chVTResetI
                0x08006d5c       0x24 AppLayer.a(chvt.o)
                0x08006d5c                chVTResetI
 *AppLayer.a:SerialDriver.o(.text.*)
 .text.KC_E_InitSerialDriver
                0x08006d80       0x10 AppLayer.a(SerialDriver.o)
                0x08006d80                KC_E_InitSerialDriver
 .text.KC_E_InitSerialDriverInstance
                0x08006d90       0x14 AppLayer.a(SerialDriver.o)
                0x08006d90                KC_E_InitSerialDriverInstance
 .text.KC_E_StartSerialDriverInstance
                0x08006da4       0x10 AppLayer.a(SerialDriver.o)
                0x08006da4                KC_E_StartSerialDriverInstance
 .text.KC_E_StopSerialDriverInstance
                0x08006db4       0x10 AppLayer.a(SerialDriver.o)
                0x08006db4                KC_E_StopSerialDriverInstance
 .text.KC_E_SetBaudRate
                0x08006dc4       0x14 AppLayer.a(SerialDriver.o)
                0x08006dc4                KC_E_SetBaudRate
 .text.KC_E_InitTxChannel
                0x08006dd8       0x10 AppLayer.a(SerialDriver.o)
                0x08006dd8                KC_E_InitTxChannel
 .text.KC_E_InitRxChannel
                0x08006de8       0x10 AppLayer.a(SerialDriver.o)
                0x08006de8                KC_E_InitRxChannel
 .text.KC_E_Transmit
                0x08006df8       0x10 AppLayer.a(SerialDriver.o)
                0x08006df8                KC_E_Transmit
 .text.KC_E_GetDriverInstanceStatus
                0x08006e08       0x10 AppLayer.a(SerialDriver.o)
                0x08006e08                KC_E_GetDriverInstanceStatus
 .text.KC_E_RegisterRxISR
                0x08006e18       0x14 AppLayer.a(SerialDriver.o)
                0x08006e18                KC_E_RegisterRxISR
 .text.KC_E_RegisterTxISR
                0x08006e2c       0x14 AppLayer.a(SerialDriver.o)
                0x08006e2c                KC_E_RegisterTxISR
 *AppLayer.a:SPI.o(.text.*)
 .text.M_U8_SPI_TransceiveByte
                0x08006e40       0x60 AppLayer.a(SPI.o)
 .text.K_U8_WriteByteSPI
                0x08006ea0       0x48 AppLayer.a(SPI.o)
                0x08006ea0                K_U8_WriteByteSPI
 .text.K_U8_ReadByteSPI
                0x08006ee8       0x40 AppLayer.a(SPI.o)
                0x08006ee8                K_U8_ReadByteSPI
 .text.K_V_InitSPI
                0x08006f28      0x144 AppLayer.a(SPI.o)
                0x08006f28                K_V_InitSPI
 *AppLayer.a:CalcProgramCrc.o(.text.*)
 .text.AC_V_CalcProgramCrc
                0x0800706c      0x170 AppLayer.a(CalcProgramCrc.o)
                0x0800706c                AC_V_CalcProgramCrc
 .text.AC_V_InitCalcProgramCrc
                0x080071dc       0x38 AppLayer.a(CalcProgramCrc.o)
                0x080071dc                AC_V_InitCalcProgramCrc

.HexRange       0x08008000        0x0
                0x08008000                . = ALIGN (0x4)
                0x08008000                PROVIDE (_text, .)
 *(.HexRange)
                0x08008000                . = ALIGN (0x4)

.text           0x08008000     0xb1aa
                0x08008000                _text = .
 *(.text)
 .text          0x08008000       0xcc TELEMATICS_VERIFICATION_V1.OBJ
                0x08008000                isValidUtf8Byte
                0x08008064                CopyValidUtf8CodeUnits
                0x080080b4                _INITTASK
 .text          0x080080cc      0x5c8 MC024_110_LG_112T.OBJ
                0x080080cc                LoopDeadlineTimePassed
                0x080080e8                GetTimeSinceStartupInMilliSeconds
                0x080080f4                _INITMAINTASK
                0x080082b8                _EndLoop_MAINTASK
                0x080082bc                _BeginLoop_MAINTASK
                0x080082c0                _MAINTASK
 *(.text.*)
 .text.InitExtFunc
                0x08008694        0x4 stubextfunc.o
                0x08008694                InitExtFunc
 .text.ProcessExtFunc
                0x08008698        0x4 stubextfunc.o
                0x08008698                ProcessExtFunc
 .text.ProcessBootFunc
                0x0800869c        0x4 stubbootfunc.o
                0x0800869c                ProcessBootFunc
 .text.InitBootFunc
                0x080086a0        0x4 stubbootfunc.o
                0x080086a0                InitBootFunc
 .text.M_V_KernelTask
                0x080086a4       0x2c AppLayer.a(main.o)
 .text.startup.main
                0x080086d0       0x84 AppLayer.a(main.o)
                0x080086d0                main
 .text.K_V_ResetWatchdog
                0x08008754       0x10 AppLayer.a(wdog.o)
                0x08008754                K_V_ResetWatchdog
 .text.K_B_InitWdog
                0x08008764       0x40 AppLayer.a(wdog.o)
                0x08008764                K_B_InitWdog
 .text.K_V_RegisterLimpModeCallbackFunction
                0x080087a4        0xc AppLayer.a(wdog.o)
                0x080087a4                K_V_RegisterLimpModeCallbackFunction
 .text.K_V_WDogLimpMode
                0x080087b0       0x18 AppLayer.a(wdog.o)
                0x080087b0                K_V_WDogLimpMode
 .text.K_V_InitMcu
                0x080087c8       0x8c AppLayer.a(mcu_init.o)
                0x080087c8                K_V_InitMcu
 .text.K_V_InitFPU
                0x08008854        0xc AppLayer.a(mcu_init.o)
                0x08008854                K_V_InitFPU
 .text.K_U16_CheckOTPChecksum
                0x08008860       0x34 AppLayer.a(unitinfo.o)
                0x08008860                K_U16_CheckOTPChecksum
 .text.K_U16_GetKernelProductionInfo
                0x08008894       0x68 AppLayer.a(unitinfo.o)
                0x08008894                K_U16_GetKernelProductionInfo
 .text.K_U16_GetKernelHWInfo
                0x080088fc       0xc4 AppLayer.a(unitinfo.o)
                0x080088fc                K_U16_GetKernelHWInfo
 .text.K_E_SetKernelHWInfo
                0x080089c0       0x68 AppLayer.a(unitinfo.o)
                0x080089c0                K_E_SetKernelHWInfo
 .text.K_E_CheckKernelHWInfoStatus
                0x08008a28        0xc AppLayer.a(unitinfo.o)
                0x08008a28                K_E_CheckKernelHWInfoStatus
 .text.K_V_KernelHWInfoUpdate
                0x08008a34       0x90 AppLayer.a(unitinfo.o)
                0x08008a34                K_V_KernelHWInfoUpdate
 .text.K_V_ReadEEPROMUnitInfo
                0x08008ac4       0x24 AppLayer.a(unitinfo.o)
                0x08008ac4                K_V_ReadEEPROMUnitInfo
 .text.K_V_WriteEEPROMUnitInfo
                0x08008ae8       0x24 AppLayer.a(unitinfo.o)
                0x08008ae8                K_V_WriteEEPROMUnitInfo
 .text.KC_V_CpyMem
                0x08008b0c       0x40 AppLayer.a(Memory.o)
                0x08008b0c                KC_V_CpyMem
 .text.KC_B_CmpMem
                0x08008b4c       0x50 AppLayer.a(Memory.o)
                0x08008b4c                KC_B_CmpMem
 .text.KC_V_SetMem
                0x08008b9c       0x34 AppLayer.a(Memory.o)
                0x08008b9c                KC_V_SetMem
 .text.KC_U16_CRCAdd
                0x08008bd0      0x168 AppLayer.a(checksum.o)
                0x08008bd0                KC_U16_CRCAdd
 .text.KC_U16_CalcChecksum
                0x08008d38       0x4c AppLayer.a(checksum.o)
                0x08008d38                KC_U16_CalcChecksum
 .text.KC_U16_CalcChecksumByte
                0x08008d84       0x60 AppLayer.a(checksum.o)
                0x08008d84                KC_U16_CalcChecksumByte
 .text.KC_V_InitInfoBlock11
                0x08008de4       0x50 AppLayer.a(InfoBlocks.o)
                0x08008de4                KC_V_InitInfoBlock11
 .text.KC_V_LoadAppInfo
                0x08008e34       0x58 AppLayer.a(InfoBlocks.o)
                0x08008e34                KC_V_LoadAppInfo
 .text.KC_V_LoadHWInfo
                0x08008e8c       0x4c AppLayer.a(InfoBlocks.o)
                0x08008e8c                KC_V_LoadHWInfo
 .text.KC_V_LoadProductionInfo
                0x08008ed8       0x34 AppLayer.a(InfoBlocks.o)
                0x08008ed8                KC_V_LoadProductionInfo
 .text.KC_V_UpdateNodeId
                0x08008f0c        0xc AppLayer.a(InfoBlocks.o)
                0x08008f0c                KC_V_UpdateNodeId
 .text.KC_V_InitAndAddInfoBlock6
                0x08008f18       0x44 AppLayer.a(InfoBlocks.o)
                0x08008f18                KC_V_InitAndAddInfoBlock6
 .text.KC_V_InitAndAddInfoBlock10
                0x08008f5c       0x34 AppLayer.a(InfoBlocks.o)
                0x08008f5c                KC_V_InitAndAddInfoBlock10
 .text.KC_V_UpdateAllInfoBlockChecksums
                0x08008f90       0x78 AppLayer.a(InfoBlocks.o)
                0x08008f90                KC_V_UpdateAllInfoBlockChecksums
 .text.KC_V_GetAppInfo
                0x08009008       0x8c AppLayer.a(InfoBlocks.o)
                0x08009008                KC_V_GetAppInfo
 .text.nvicSetSystemHandlerPriority
                0x08009094       0x30 AppLayer.a(nvic.o)
                0x08009094                nvicSetSystemHandlerPriority
 .text.chSemInit
                0x080090c4        0x8 AppLayer.a(chsem.o)
                0x080090c4                chSemInit
 .text.chSemWaitS
                0x080090cc       0x34 AppLayer.a(chsem.o)
                0x080090cc                chSemWaitS
 .text.chSemWait
                0x08009100       0x14 AppLayer.a(chsem.o)
                0x08009100                chSemWait
 .text.chSemWaitTimeoutS
                0x08009114       0x3c AppLayer.a(chsem.o)
                0x08009114                chSemWaitTimeoutS
 .text.chSemWaitTimeout
                0x08009150       0x14 AppLayer.a(chsem.o)
                0x08009150                chSemWaitTimeout
 .text.chSemSignalI
                0x08009164       0x20 AppLayer.a(chsem.o)
                0x08009164                chSemSignalI
 .text.chEvtRegisterMask
                0x08009184       0x2c AppLayer.a(chevents.o)
                0x08009184                chEvtRegisterMask
 .text.chEvtSignalI
                0x080091b0       0x30 AppLayer.a(chevents.o)
                0x080091b0                chEvtSignalI
 .text.chEvtWaitOne
                0x080091e0       0x3c AppLayer.a(chevents.o)
                0x080091e0                chEvtWaitOne
 .text.ECU_V_InitExtMemBus
                0x0800921c        0x4 AppLayer.a(LG_MC024_110_config.o)
                0x0800921c                ECU_V_InitExtMemBus
 .text.ECU_V_InitSPI
                0x08009220       0x24 AppLayer.a(LG_MC024_110_config.o)
                0x08009220                ECU_V_InitSPI
 .text.ECU_V_InitMcGPIOPorts
                0x08009244      0x204 AppLayer.a(LG_MC024_110_config.o)
                0x08009244                ECU_V_InitMcGPIOPorts
 .text.idle     0x08009448       0x24 AppLayer.a(datacontainer.o)
                0x08009448                idle
 .text.ECU_V_InitDataContainer
                0x0800946c       0x10 AppLayer.a(datacontainer.o)
                0x0800946c                ECU_V_InitDataContainer
 .text.M_V_SetExecTime
                0x0800947c       0x2c AppLayer.a(task.o)
 .text.M_V_PostProcessIO
                0x080094a8       0x24 AppLayer.a(task.o)
 .text.M_V_Task1
                0x080094cc      0x39c AppLayer.a(task.o)
 .text.M_V_LimpModeCallback
                0x08009868       0x1c AppLayer.a(task.o)
 .text.ECU_V_ValidateKWP2kID
                0x08009884        0x4 AppLayer.a(task.o)
                0x08009884                ECU_V_ValidateKWP2kID
 .text.ECU_U16_InitApplicationLayer
                0x08009888       0xd8 AppLayer.a(task.o)
                0x08009888                ECU_U16_InitApplicationLayer
 .text.ECU_U16_CallUpdateUserStorage
                0x08009960       0xfc AppLayer.a(task.o)
                0x08009960                ECU_U16_CallUpdateUserStorage
 .text.ECU_U16_PrepareInitUserStorage
                0x08009a5c       0x64 AppLayer.a(task.o)
                0x08009a5c                ECU_U16_PrepareInitUserStorage
 .text.ECU_B_UserCustomStorageInProgress
                0x08009ac0        0x4 AppLayer.a(task.o)
                0x08009ac0                ECU_B_UserCustomStorageInProgress
 .text.AC_B_UserStorageInProgress
                0x08009ac4        0x4 AppLayer.a(EEUSER.o)
                0x08009ac4                AC_B_UserStorageInProgress
 .text.AC_U16_InitUserStorage
                0x08009ac8       0x3c AppLayer.a(EEUSER.o)
                0x08009ac8                AC_U16_InitUserStorage
 .text.AC_U16_KernelInitUserStorage
                0x08009b04        0xc AppLayer.a(EEUSER.o)
                0x08009b04                AC_U16_KernelInitUserStorage
 .text.AC_U16_UpdateUserStorage
                0x08009b10        0xc AppLayer.a(EEUSER.o)
                0x08009b10                AC_U16_UpdateUserStorage
 .text.AC_V_SetUserStorageUpdateTime
                0x08009b1c        0x4 AppLayer.a(EEUSER.o)
                0x08009b1c                AC_V_SetUserStorageUpdateTime
 .text.AC_V_UserStorageDirect
                0x08009b20        0x4 AppLayer.a(EEUSER.o)
                0x08009b20                AC_V_UserStorageDirect
 .text.AC_V_UserNVAPI_In
                0x08009b24        0x4 AppLayer.a(EEUSER.o)
                0x08009b24                AC_V_UserNVAPI_In
 .text.AC_B_UserNVAPI_DiagWritePending
                0x08009b28        0x4 AppLayer.a(EEUSER.o)
                0x08009b28                AC_B_UserNVAPI_DiagWritePending
 .text.AC_B_UserNVAPI_InitWritePending
                0x08009b2c        0x4 AppLayer.a(EEUSER.o)
                0x08009b2c                AC_B_UserNVAPI_InitWritePending
 .text.AC_V_UserNVAPI_Out
                0x08009b30        0x4 AppLayer.a(EEUSER.o)
                0x08009b30                AC_V_UserNVAPI_Out
 .text.AC_B_UserSampleNVDiagWritePending
                0x08009b34        0xc AppLayer.a(EEUSER.o)
                0x08009b34                AC_B_UserSampleNVDiagWritePending
 .text.AC_V_UserNVAPI_DiagWrite
                0x08009b40        0x4 AppLayer.a(EEUSER.o)
                0x08009b40                AC_V_UserNVAPI_DiagWrite
 .text.AC_E_DioReadChannel
                0x08009b44       0x34 AppLayer.a(Dio.o)
                0x08009b44                AC_E_DioReadChannel
 .text.AC_V_DioWriteChannel
                0x08009b78       0x48 AppLayer.a(Dio.o)
                0x08009b78                AC_V_DioWriteChannel
 .text.AC_V_DioReadAllPorts
                0x08009bc0       0x10 AppLayer.a(Dio.o)
                0x08009bc0                AC_V_DioReadAllPorts
 .text.AC_V_DioWriteAllPorts
                0x08009bd0       0x10 AppLayer.a(Dio.o)
                0x08009bd0                AC_V_DioWriteAllPorts
 .text.AC_E_MMDioReadChannel
                0x08009be0       0x2c AppLayer.a(MM_Dio.o)
                0x08009be0                AC_E_MMDioReadChannel
 .text.AC_V_MMDioWriteChannel
                0x08009c0c       0x68 AppLayer.a(MM_Dio.o)
                0x08009c0c                AC_V_MMDioWriteChannel
 .text.AC_V_MMDioReadAllPorts
                0x08009c74       0x5c AppLayer.a(MM_Dio.o)
                0x08009c74                AC_V_MMDioReadAllPorts
 .text.AC_V_MMDioWriteAllPorts
                0x08009cd0       0x5c AppLayer.a(MM_Dio.o)
                0x08009cd0                AC_V_MMDioWriteAllPorts
 .text.AC_E_SERIALDioReadChannel
                0x08009d2c       0x2c AppLayer.a(SERIAL_Stub_Dio.o)
                0x08009d2c                AC_E_SERIALDioReadChannel
 .text.AC_V_SERIALDioWriteChannel
                0x08009d58       0x60 AppLayer.a(SERIAL_Stub_Dio.o)
                0x08009d58                AC_V_SERIALDioWriteChannel
 .text.AC_V_SERIALDioReadAllPorts
                0x08009db8        0x4 AppLayer.a(SERIAL_Stub_Dio.o)
                0x08009db8                AC_V_SERIALDioReadAllPorts
 .text.AC_V_SERIALDioWriteAllPorts
                0x08009dbc        0x4 AppLayer.a(SERIAL_Stub_Dio.o)
                0x08009dbc                AC_V_SERIALDioWriteAllPorts
 .text.AC_V_InitSPI_ChipSelects
                0x08009dc0       0x54 AppLayer.a(SPI_ChipSelects.o)
                0x08009dc0                AC_V_InitSPI_ChipSelects
 .text.M_V_WriteAppInfoToEEPROM
                0x08009e14       0x70 AppLayer.a(KWP2kService.o)
 .text.AC_V_PreInitKwp2k
                0x08009e84       0x30 AppLayer.a(KWP2kService.o)
                0x08009e84                AC_V_PreInitKwp2k
 .text.AC_V_InitKwp2k
                0x08009eb4      0x150 AppLayer.a(KWP2kService.o)
                0x08009eb4                AC_V_InitKwp2k
 .text.AC_V_UpdateKwp2kBaudrate
                0x0800a004       0x10 AppLayer.a(KWP2kService.o)
                0x0800a004                AC_V_UpdateKwp2kBaudrate
 .text.AC_V_ProcessKwp2k
                0x0800a014       0x20 AppLayer.a(KWP2kService.o)
                0x0800a014                AC_V_ProcessKwp2k
 .text.gReadFlashBackGround
                0x0800a034        0x4 AppLayer.a(KWP2kService.o)
                0x0800a034                gReadFlashBackGround
 .text.AC_V_WriteKwp2kEEPROM
                0x0800a038       0x28 AppLayer.a(KWP2kService.o)
                0x0800a038                AC_V_WriteKwp2kEEPROM
 .text._CANSYM_RX_ADD
                0x0800a060       0x28 AppLayer.a(CanSymbol.o)
                0x0800a060                _CANSYM_RX_ADD
 .text.AC_V_ProcessCanRxSymbols
                0x0800a088      0x1cc AppLayer.a(CanSymbol.o)
                0x0800a088                AC_V_ProcessCanRxSymbols
 .text.AC_V_ProcessCanTxSymbols
                0x0800a254      0x104 AppLayer.a(CanSymbol.o)
                0x0800a254                AC_V_ProcessCanTxSymbols
 .text.AC_V_StdLedUpdate
                0x0800a358       0x38 AppLayer.a(LED1.o)
                0x0800a358                AC_V_StdLedUpdate
 .text.AC_V_D1InUpdate
                0x0800a390      0x128 AppLayer.a(LG_D4.o)
                0x0800a390                AC_V_D1InUpdate
 .text.AC_V_D1OutUpdate
                0x0800a4b8      0x170 AppLayer.a(LG_D4.o)
                0x0800a4b8                AC_V_D1OutUpdate
 .text.AC_V_DAInTR_MC_UpdateIn
                0x0800a628      0x15c AppLayer.a(LG_DAR2.o)
                0x0800a628                AC_V_DAInTR_MC_UpdateIn
 .text.AC_V_DAInTR_MC_UpdateOut
                0x0800a784       0x50 AppLayer.a(LG_DAR2.o)
                0x0800a784                AC_V_DAInTR_MC_UpdateOut
 .text.AC_V_DAIn_MC_Update
                0x0800a7d4       0x54 AppLayer.a(LG_DA3.o)
                0x0800a7d4                AC_V_DAIn_MC_Update
 .text.AC_V_MFInDAF_MC_Init
                0x0800a828       0x34 AppLayer.a(LG_DAF1.o)
                0x0800a828                AC_V_MFInDAF_MC_Init
 .text.AC_V_MFInDAF_MC_InUpdate
                0x0800a85c      0x224 AppLayer.a(LG_DAF1.o)
                0x0800a85c                AC_V_MFInDAF_MC_InUpdate
 .text.AC_V_MFInDAF_MC_OutUpdate
                0x0800aa80      0x55c AppLayer.a(LG_DAF1.o)
                0x0800aa80                AC_V_MFInDAF_MC_OutUpdate
 .text.M_V_CheckOldBIOutputs
                0x0800afdc       0x1c AppLayer.a(LG_PWM2.o)
 .text.M_b_BI_Directional
                0x0800aff8       0xbc AppLayer.a(LG_PWM2.o)
 .text.M_V_ClearDither_ConfigPWM_ClearStatus
                0x0800b0b4       0x40 AppLayer.a(LG_PWM2.o)
 .text.M_b_ConfigDigital
                0x0800b0f4       0x74 AppLayer.a(LG_PWM2.o)
 .text.M_B_ClosedLoopDither
                0x0800b168      0x138 AppLayer.a(LG_PWM2.o)
 .text.AC_V_MFOut_MC_UpdateIn
                0x0800b2a0      0x110 AppLayer.a(LG_PWM2.o)
                0x0800b2a0                AC_V_MFOut_MC_UpdateIn
 .text.AC_V_MFOut_MC_UpdateOut
                0x0800b3b0      0x5d8 AppLayer.a(LG_PWM2.o)
                0x0800b3b0                AC_V_MFOut_MC_UpdateOut
 .text.AC_V_MFOut_MC_Enable
                0x0800b988       0x20 AppLayer.a(LG_PWM2.o)
                0x0800b988                AC_V_MFOut_MC_Enable
 .text.AC_V_MFOut_MC_Disable
                0x0800b9a8       0x20 AppLayer.a(LG_PWM2.o)
                0x0800b9a8                AC_V_MFOut_MC_Disable
 .text.AC_V_MFOut_MC_OutInit
                0x0800b9c8       0x4c AppLayer.a(LG_PWM2.o)
                0x0800b9c8                AC_V_MFOut_MC_OutInit
 .text.AC_V_VLDP_MC_Update
                0x0800ba14       0x48 AppLayer.a(LG_VLDP.o)
                0x0800ba14                AC_V_VLDP_MC_Update
 .text.AC_V_5VSensorPwrInUpdate
                0x0800ba5c       0x54 AppLayer.a(LG_5V_SNSR_PWR.o)
                0x0800ba5c                AC_V_5VSensorPwrInUpdate
 .text.M_V_SetPendingBit
                0x0800bab0       0x4c AppLayer.a(NVAPI.o)
 .text.KC_B_NVAPI_IsPending
                0x0800bafc       0x30 AppLayer.a(NVAPI.o)
                0x0800bafc                KC_B_NVAPI_IsPending
 .text.KC_U16_NVAPI_InitResultDetailed
                0x0800bb2c        0xc AppLayer.a(NVAPI.o)
                0x0800bb2c                KC_U16_NVAPI_InitResultDetailed
 .text.KC_U16_NVAPI_InitResult
                0x0800bb38       0x30 AppLayer.a(NVAPI.o)
                0x0800bb38                KC_U16_NVAPI_InitResult
 .text.KC_V_NVAPI_Init
                0x0800bb68      0x2a0 AppLayer.a(NVAPI.o)
                0x0800bb68                KC_V_NVAPI_Init
 .text.KC_B_NVAPI_InitWritePending
                0x0800be08       0x24 AppLayer.a(NVAPI.o)
                0x0800be08                KC_B_NVAPI_InitWritePending
 .text.KC_V_NVAPI_Out
                0x0800be2c      0x260 AppLayer.a(NVAPI.o)
                0x0800be2c                KC_V_NVAPI_Out
 .text.KC_V_NVAPI_In
                0x0800c08c      0x210 AppLayer.a(NVAPI.o)
                0x0800c08c                KC_V_NVAPI_In
 .text.KC_V_NVAPI_Store
                0x0800c29c      0x318 AppLayer.a(NVAPI.o)
                0x0800c29c                KC_V_NVAPI_Store
 .text.KC_V_NVAPI_DiagWrite
                0x0800c5b4       0xf8 AppLayer.a(NVAPI.o)
                0x0800c5b4                KC_V_NVAPI_DiagWrite
 .text.KC_B_NVAPI_DiagWritePending
                0x0800c6ac      0x540 AppLayer.a(NVAPI.o)
                0x0800c6ac                KC_B_NVAPI_DiagWritePending
 .text.KC_S32_MaiersFilterControl
                0x0800cbec       0x24 AppLayer.a(CtrMaier.o)
                0x0800cbec                KC_S32_MaiersFilterControl
 .text.KC_U32_MaiersFilterControl
                0x0800cc10       0x24 AppLayer.a(CtrMaier.o)
                0x0800cc10                KC_U32_MaiersFilterControl
 .text.KC_U16_MaiersFilterControl
                0x0800cc34       0x24 AppLayer.a(CtrMaier.o)
                0x0800cc34                KC_U16_MaiersFilterControl
 .text.K_V_DacSetDutyCycle
                0x0800cc58       0x4c AppLayer.a(dac.o)
                0x0800cc58                K_V_DacSetDutyCycle
 .text.K_V_DacInit
                0x0800cca4       0xd8 AppLayer.a(dac.o)
                0x0800cca4                K_V_DacInit
 .text.K_E_McalDioReadChannel
                0x0800cd7c       0x28 AppLayer.a(MCAL_Dio.o)
                0x0800cd7c                K_E_McalDioReadChannel
 .text.K_V_McalDioWriteChannel
                0x0800cda4       0x38 AppLayer.a(MCAL_Dio.o)
                0x0800cda4                K_V_McalDioWriteChannel
 .text.M_V_AdcComplex_Timer7StartSamplingADCISR
                0x0800cddc       0x5c AppLayer.a(adcComplex.o)
 .text.M_V_AdcComplex_Timer6StartSamplingADCISR
                0x0800ce38       0x58 AppLayer.a(adcComplex.o)
 .text.K_V_AdcComplexPreInit
                0x0800ce90       0x44 AppLayer.a(adcComplex.o)
                0x0800ce90                K_V_AdcComplexPreInit
 .text.K_V_AdcComplexInit
                0x0800ced4       0xc0 AppLayer.a(adcComplex.o)
                0x0800ced4                K_V_AdcComplexInit
 .text.K_E_AdcComplexGet
                0x0800cf94       0x28 AppLayer.a(adcComplex.o)
                0x0800cf94                K_E_AdcComplexGet
 .text.K_V_BattAvgCallback
                0x0800cfbc       0x80 AppLayer.a(CurrentDriver.o)
                0x0800cfbc                K_V_BattAvgCallback
 .text.K_V_SetFdbackSamples
                0x0800d03c      0x280 AppLayer.a(CurrentDriver.o)
                0x0800d03c                K_V_SetFdbackSamples
 .text.K_V_GetPointers_ARR_CCRx
                0x0800d2bc       0xfc AppLayer.a(CurrentDriver.o)
                0x0800d2bc                K_V_GetPointers_ARR_CCRx
 .text.K_V_CurrentDriverCallback
                0x0800d3b8      0x5a8 AppLayer.a(CurrentDriver.o)
                0x0800d3b8                K_V_CurrentDriverCallback
 .text.g_S_TIM4_ISR
                0x0800d960       0x50 AppLayer.a(CurrentDriver.o)
                0x0800d960                g_S_TIM4_ISR
 .text.g_S_TIM8_TIM13_ISR
                0x0800d9b0       0xa0 AppLayer.a(CurrentDriver.o)
                0x0800d9b0                g_S_TIM8_TIM13_ISR
 .text.g_S_TIM9_ISR
                0x0800da50       0x74 AppLayer.a(CurrentDriver.o)
                0x0800da50                g_S_TIM9_ISR
 .text.K_V_TIM10_ISR
                0x0800dac4       0x54 AppLayer.a(CurrentDriver.o)
                0x0800dac4                K_V_TIM10_ISR
 .text.g_S_TIM11_ISR
                0x0800db18       0x54 AppLayer.a(CurrentDriver.o)
                0x0800db18                g_S_TIM11_ISR
 .text.g_S_TIM12_ISR
                0x0800db6c       0x74 AppLayer.a(CurrentDriver.o)
                0x0800db6c                g_S_TIM12_ISR
 .text.g_S_TIM14_ISR
                0x0800dbe0       0x54 AppLayer.a(CurrentDriver.o)
                0x0800dbe0                g_S_TIM14_ISR
 .text.M_V_TIMx_OCxInit
                0x0800dc34      0x1dc AppLayer.a(iDriveInterface.o)
 .text.K_U16_SetPWM_Frequency
                0x0800de10      0x300 AppLayer.a(iDriveInterface.o)
                0x0800de10                K_U16_SetPWM_Frequency
 .text.K_U16_ConfigPWM
                0x0800e110      0x274 AppLayer.a(iDriveInterface.o)
                0x0800e110                K_U16_ConfigPWM
 .text.K_U16_InitPWM
                0x0800e384      0x3a0 AppLayer.a(iDriveInterface.o)
                0x0800e384                K_U16_InitPWM
 .text.K_U16_SetDither
                0x0800e724       0xc0 AppLayer.a(iDriveInterface.o)
                0x0800e724                K_U16_SetDither
 .text.K_U16_SetPWM
                0x0800e7e4       0xc0 AppLayer.a(iDriveInterface.o)
                0x0800e7e4                K_U16_SetPWM
 .text.K_U16_GetDutyCyclePWM
                0x0800e8a4       0x48 AppLayer.a(iDriveInterface.o)
                0x0800e8a4                K_U16_GetDutyCyclePWM
 .text.K_U16_GetCurrentPWM
                0x0800e8ec       0x54 AppLayer.a(iDriveInterface.o)
                0x0800e8ec                K_U16_GetCurrentPWM
 .text.K_U16_ActivatePWM
                0x0800e940       0xf4 AppLayer.a(iDriveInterface.o)
                0x0800e940                K_U16_ActivatePWM
 .text.K_U16_DeActivatePWM
                0x0800ea34      0x108 AppLayer.a(iDriveInterface.o)
                0x0800ea34                K_U16_DeActivatePWM
 .text.K_V_SetChangeSpeed
                0x0800eb3c       0x34 AppLayer.a(iDriveInterface.o)
                0x0800eb3c                K_V_SetChangeSpeed
 .text.K_U16_SetZeroCurrentRecalStatus
                0x0800eb70       0x30 AppLayer.a(iDriveInterface.o)
                0x0800eb70                K_U16_SetZeroCurrentRecalStatus
 .text.K_V_GetVLDP
                0x0800eba0       0x10 AppLayer.a(iDriveInterface.o)
                0x0800eba0                K_V_GetVLDP
 .text.KC_V_SetCanID
                0x0800ebb0       0x18 AppLayer.a(CanData.o)
                0x0800ebb0                KC_V_SetCanID
 .text.KC_B_CanID_IsExtended
                0x0800ebc8        0x8 AppLayer.a(CanData.o)
                0x0800ebc8                KC_B_CanID_IsExtended
 .text.KC_B_CanID_IsRTR
                0x0800ebd0        0x8 AppLayer.a(CanData.o)
                0x0800ebd0                KC_B_CanID_IsRTR
 .text.KC_U32_GetCanID
                0x0800ebd8       0x14 AppLayer.a(CanData.o)
                0x0800ebd8                KC_U32_GetCanID
 .text.KC_V_InitStreamWriter
                0x0800ebec       0x10 AppLayer.a(Streams.o)
                0x0800ebec                KC_V_InitStreamWriter
 .text.KC_S_WriteToStream
                0x0800ebfc       0x8c AppLayer.a(Streams.o)
                0x0800ebfc                KC_S_WriteToStream
 .text.KC_V_InitStreamReader
                0x0800ec88       0x10 AppLayer.a(Streams.o)
                0x0800ec88                KC_V_InitStreamReader
 .text.KC_V_RegisterStreamReadCallback
                0x0800ec98        0x8 AppLayer.a(Streams.o)
                0x0800ec98                KC_V_RegisterStreamReadCallback
 .text.KC_V_RegisterStreamPollForWriteCallback
                0x0800eca0        0x8 AppLayer.a(Streams.o)
                0x0800eca0                KC_V_RegisterStreamPollForWriteCallback
 .text.KC_V_PollForStreamWrite
                0x0800eca8       0xf0 AppLayer.a(Streams.o)
                0x0800eca8                KC_V_PollForStreamWrite
 .text.KC_V_ConnectStream
                0x0800ed98       0x58 AppLayer.a(Streams.o)
                0x0800ed98                KC_V_ConnectStream
 .text.KC_E_SocketWriteToStream
                0x0800edf0       0x10 AppLayer.a(Socket.o)
                0x0800edf0                KC_E_SocketWriteToStream
 .text.KC_E_SocketReadFromStream
                0x0800ee00       0x10 AppLayer.a(Socket.o)
                0x0800ee00                KC_E_SocketReadFromStream
 .text.KC_E_SocketInit
                0x0800ee10       0x6c AppLayer.a(Socket.o)
                0x0800ee10                KC_E_SocketInit
 .text.KC_E_SocketGet
                0x0800ee7c       0x10 AppLayer.a(Socket.o)
                0x0800ee7c                KC_E_SocketGet
 .text.KC_E_SocketPut
                0x0800ee8c       0x24 AppLayer.a(Socket.o)
                0x0800ee8c                KC_E_SocketPut
 .text.KC_E_BasicCanSocketInit
                0x0800eeb0        0xc AppLayer.a(BasicCanSocket.o)
                0x0800eeb0                KC_E_BasicCanSocketInit
 .text.KC_E_BasicCanSocketReadFromStream
                0x0800eebc       0x38 AppLayer.a(BasicCanSocket.o)
                0x0800eebc                KC_E_BasicCanSocketReadFromStream
 .text.KC_E_BasicCanSocketPut
                0x0800eef4       0x38 AppLayer.a(BasicCanSocket.o)
                0x0800eef4                KC_E_BasicCanSocketPut
 .text.KC_E_BasicCanKC_E_SocketGet
                0x0800ef2c       0x3c AppLayer.a(BasicCanSocket.o)
                0x0800ef2c                KC_E_BasicCanKC_E_SocketGet
 .text.KC_E_BasicCanSocketWriteToStream
                0x0800ef68       0x64 AppLayer.a(BasicCanSocket.o)
                0x0800ef68                KC_E_BasicCanSocketWriteToStream
 .text.M_B_KWP2kApp_InsideRangeList
                0x0800efcc       0x3c AppLayer.a(KWP2kApp.o)
 .text.M_B_KWP2kKeyIsValid
                0x0800f008      0x100 AppLayer.a(KWP2kApp.o)
 .text.KWP2k_STORAGE_USER_EEPROM_Progress
                0x0800f108        0x4 AppLayer.a(KWP2kApp.o)
 .text.KWP2k_STORAGE_PARTNR_Progress
                0x0800f10c       0x10 AppLayer.a(KWP2kApp.o)
 .text.KWP2k_STORAGE_NVMEM_Progress
                0x0800f11c        0x4 AppLayer.a(KWP2kApp.o)
 .text.KC_V_KWP2kAppInit
                0x0800f120      0x16c AppLayer.a(KWP2kApp.o)
                0x0800f120                KC_V_KWP2kAppInit
 .text.KC_V_KWP2kApp_SetStorageArea
                0x0800f28c       0x30 AppLayer.a(KWP2kApp.o)
                0x0800f28c                KC_V_KWP2kApp_SetStorageArea
 .text.KC_B_KWP2kApp_TimeOutMs
                0x0800f2bc       0x3c AppLayer.a(KWP2kApp.o)
                0x0800f2bc                KC_B_KWP2kApp_TimeOutMs
 .text.M_V_KWP2kProcessResponsePending
                0x0800f2f8       0x5c AppLayer.a(KWP2kApp.o)
 .text.KC_V_KWP2kApp_Process
                0x0800f354      0xedc AppLayer.a(KWP2kApp.o)
                0x0800f354                KC_V_KWP2kApp_Process
 .text.K_V_Icu_Init
                0x08010230      0x2d8 AppLayer.a(ICU.o)
                0x08010230                K_V_Icu_Init
 .text.K_U16_GetFrequencyInput
                0x08010508      0x3cc AppLayer.a(ICU.o)
                0x08010508                K_U16_GetFrequencyInput
 .text.K_U16_EnableQuadEncoder
                0x080108d4       0x28 AppLayer.a(ICU.o)
                0x080108d4                K_U16_EnableQuadEncoder
 .text.K_U16_GetQuadPulseCount
                0x080108fc       0x6c AppLayer.a(ICU.o)
                0x080108fc                K_U16_GetQuadPulseCount
 .text.K_U16_EnablePhaseDetect
                0x08010968       0x4c AppLayer.a(ICU.o)
                0x08010968                K_U16_EnablePhaseDetect
 .text.K_U16_GetPhaseTime
                0x080109b4      0x168 AppLayer.a(ICU.o)
                0x080109b4                K_U16_GetPhaseTime
 .text.K_V_SetTimer10_Callback
                0x08010b1c        0xc AppLayer.a(Icu_Irq.o)
                0x08010b1c                K_V_SetTimer10_Callback
 .text.K_V_Timer10_ISR
                0x08010b28      0x474 AppLayer.a(Icu_Irq.o)
                0x08010b28                K_V_Timer10_ISR
 .text.g_V_Timer3_ISR
                0x08010f9c      0x4e4 AppLayer.a(Icu_Irq.o)
                0x08010f9c                g_V_Timer3_ISR
 .text.K_U32_STM32_CalcU32BlockCRC32
                0x08011480       0x68 AppLayer.a(CRC32_STM32F2xx.o)
                0x08011480                K_U32_STM32_CalcU32BlockCRC32
 .text.K_U16_CaptureModeCRC
                0x080114e8       0x68 AppLayer.a(CRC32_STM32F2xx.o)
                0x080114e8                K_U16_CaptureModeCRC
 .text.chMBInit
                0x08011550       0x2c AppLayer.a(chmboxes.o)
                0x08011550                chMBInit
 .text.chMBPostI
                0x0801157c       0x30 AppLayer.a(chmboxes.o)
                0x0801157c                chMBPostI
 .text.chMBFetchS
                0x080115ac       0x38 AppLayer.a(chmboxes.o)
                0x080115ac                chMBFetchS
 .text.chMBFetch
                0x080115e4       0x14 AppLayer.a(chmboxes.o)
                0x080115e4                chMBFetch
 .text.K_V_AdcInit
                0x080115f8      0x2d8 AppLayer.a(adc.o)
                0x080115f8                K_V_AdcInit
 .text.K_E_AdcSetupResultBuffer
                0x080118d0       0x3c AppLayer.a(adc.o)
                0x080118d0                K_E_AdcSetupResultBuffer
 .text.K_V_AdcStartGroupConversion
                0x0801190c       0x98 AppLayer.a(adc.o)
                0x0801190c                K_V_AdcStartGroupConversion
 .text.K_V_AdcEnableGroupNotification
                0x080119a4       0x38 AppLayer.a(adc.o)
                0x080119a4                K_V_AdcEnableGroupNotification
 .text.K_V_Adc1ReadyIsr
                0x080119dc      0x164 AppLayer.a(adc_Irq.o)
                0x080119dc                K_V_Adc1ReadyIsr
 .text.K_V_Adc2ReadyIsr
                0x08011b40      0x170 AppLayer.a(adc_Irq.o)
                0x08011b40                K_V_Adc2ReadyIsr
 .text.K_V_Adc3ReadyIsr
                0x08011cb0      0x17c AppLayer.a(adc_Irq.o)
                0x08011cb0                K_V_Adc3ReadyIsr
 .text.KC_S16_QueuePut
                0x08011e2c       0x6c AppLayer.a(Queue.o)
                0x08011e2c                KC_S16_QueuePut
 .text.KC_S16_QueueGet
                0x08011e98       0x5c AppLayer.a(Queue.o)
                0x08011e98                KC_S16_QueueGet
 .text.KC_S16_QueueUnGet
                0x08011ef4       0x6c AppLayer.a(Queue.o)
                0x08011ef4                KC_S16_QueueUnGet
 .text.KC_U16_QueueLength
                0x08011f60       0x38 AppLayer.a(Queue.o)
                0x08011f60                KC_U16_QueueLength
 .text.KC_U16_QueueCapacity
                0x08011f98        0x4 AppLayer.a(Queue.o)
                0x08011f98                KC_U16_QueueCapacity
 .text.memcpy   0x08011f9c      0x15c C:\ProgramData\Danfoss\PLUS1\10.1\Data\ExtCompiler\ARM\v4.7-2013q2\arm-none-eabi\lib\armv7-m\libg.a(lib_a-memcpy.o)
                0x08011f9c                memcpy
 *(.rodata)
 .rodata        0x080120f8        0x4 _NVDATA.o
                0x080120f8                _NVBITSIZE
                0x080120fa                _NVSIZE
 .rodata        0x080120fc      0x148 _DynamicDiagnostic.o
                0x080120fc                _ApplWriteRangeSize
                0x08012100                _ApplWriteRange
                0x08012110                _ApplDiagReadRangeSize
                0x08012114                _ApplDiagReadRange
                0x08012134                _ApplDiagInfo
 *(.rodata.*)
 .rodata._SysDiagReadRangeSize
                0x08012244        0x2 diagdata.o
                0x08012244                _SysDiagReadRangeSize
 *fill*         0x08012246        0x2 00
 .rodata._SysDiagInfo
                0x08012248       0x24 diagdata.o
                0x08012248                _SysDiagInfo
 .rodata.PlgAddr
                0x0801226c        0x4 diagdata.o
                0x0801226c                PlgAddr
 .rodata.TextArray
                0x08012270      0x7ec diagdata.o
 .rodata._SysDiagReadRange
                0x08012a5c       0x20 diagdata.o
                0x08012a5c                _SysDiagReadRange
 .rodata.PlgAll
                0x08012a7c        0x2 diagdata.o
                0x08012a7c                PlgAll
 *fill*         0x08012a7e        0x2 00
 .rodata.AddressArray
                0x08012a80      0x230 diagdata.o
 .rodata.m_KS8A_KernelString
                0x08012cb0        0x4 AppLayer.a(main.o)
 .rodata.m_KS8_OsString
                0x08012cb4        0x4 AppLayer.a(RTOS_Chibios.o)
 .rodata.str1.4
                0x08012cb8        0x5 AppLayer.a(chsys.o)
                                  0x8 (size before relaxing)
 *fill*         0x08012cbd        0x3 00
 .rodata.ch_debug
                0x08012cc0       0x18 AppLayer.a(chregistry.o)
                0x08012cc0                ch_debug
 .rodata.g_KSA_SPI1_Handle
                0x08012cd8        0x4 AppLayer.a(LG_MC024_110_config.o)
                0x08012cd8                g_KSA_SPI1_Handle
 .rodata.g_KU32A_MMIO_ReadPortAddresses
                0x08012cdc        0x0 AppLayer.a(LG_MC024_110_config.o)
                0x08012cdc                g_KU32A_MMIO_ReadPortAddresses
 .rodata.g_KU32A_PhysicalPortAddresses
                0x08012cdc       0x1c AppLayer.a(LG_MC024_110_config.o)
                0x08012cdc                g_KU32A_PhysicalPortAddresses
 .rodata.g_KSA_LED1_Handle
                0x08012cf8        0x4 AppLayer.a(LG_MC024_110_config.o)
                0x08012cf8                g_KSA_LED1_Handle
 .rodata.g_KU16_NUMBER_PHYSICAL_PORT_ADDRESSES
                0x08012cfc        0x2 AppLayer.a(LG_MC024_110_config.o)
                0x08012cfc                g_KU16_NUMBER_PHYSICAL_PORT_ADDRESSES
 *fill*         0x08012cfe        0x2 00
 .rodata.g_KSA_SPI_ChipSelects_Handle
                0x08012d00        0x4 AppLayer.a(LG_MC024_110_config.o)
                0x08012d00                g_KSA_SPI_ChipSelects_Handle
 .rodata.g_KU32A_MMIO_WritePortAddresses
                0x08012d04        0x0 AppLayer.a(LG_MC024_110_config.o)
                0x08012d04                g_KU32A_MMIO_WritePortAddresses
 .rodata.g_KU16_NUMBER_SERIAL_IO_WRITE_PORT_ADDRESSES
                0x08012d04        0x2 AppLayer.a(LG_MC024_110_config.o)
                0x08012d04                g_KU16_NUMBER_SERIAL_IO_WRITE_PORT_ADDRESSES
 *fill*         0x08012d06        0x2 00
 .rodata.g_KSA_VLDP_Handle
                0x08012d08        0x4 AppLayer.a(LG_MC024_110_config.o)
                0x08012d08                g_KSA_VLDP_Handle
 .rodata.g_KU16_NUMBER_MMIO_WRITE_PORT_ADDRESSES
                0x08012d0c        0x2 AppLayer.a(LG_MC024_110_config.o)
                0x08012d0c                g_KU16_NUMBER_MMIO_WRITE_PORT_ADDRESSES
 *fill*         0x08012d0e        0x2 00
 .rodata.g_KSA_ADC1ChannelConfig
                0x08012d10        0x8 AppLayer.a(LG_MC024_110_config.o)
                0x08012d10                g_KSA_ADC1ChannelConfig
 .rodata.g_KSA_LG_DAR2_Handle
                0x08012d18        0x8 AppLayer.a(LG_MC024_110_config.o)
                0x08012d18                g_KSA_LG_DAR2_Handle
 .rodata.g_KSA_LG_D4_Handle
                0x08012d20       0x24 AppLayer.a(LG_MC024_110_config.o)
                0x08012d20                g_KSA_LG_D4_Handle
 .rodata.g_KSA_Current_PRI_Handle
                0x08012d44       0x28 AppLayer.a(LG_MC024_110_config.o)
                0x08012d44                g_KSA_Current_PRI_Handle
 .rodata.g_KU16_NUMBER_SERIAL_IO_READ_PORT_ADDRESSES
                0x08012d6c        0x2 AppLayer.a(LG_MC024_110_config.o)
                0x08012d6c                g_KU16_NUMBER_SERIAL_IO_READ_PORT_ADDRESSES
 *fill*         0x08012d6e        0x2 00
 .rodata.g_KSA_ADC2ChannelConfig
                0x08012d70        0xc AppLayer.a(LG_MC024_110_config.o)
                0x08012d70                g_KSA_ADC2ChannelConfig
 .rodata.g_KSA_LG_DA3_Handle
                0x08012d7c        0x4 AppLayer.a(LG_MC024_110_config.o)
                0x08012d7c                g_KSA_LG_DA3_Handle
 .rodata.g_KSA_ADC3ChannelConfig
                0x08012d80        0xc AppLayer.a(LG_MC024_110_config.o)
                0x08012d80                g_KSA_ADC3ChannelConfig
 .rodata.g_KU16_NUMBER_MMIO_READ_PORT_ADDRESSES
                0x08012d8c        0x2 AppLayer.a(LG_MC024_110_config.o)
                0x08012d8c                g_KU16_NUMBER_MMIO_READ_PORT_ADDRESSES
 *fill*         0x08012d8e        0x2 00
 .rodata.g_KSA_LG_DAF1_Handle
                0x08012d90       0x3c AppLayer.a(LG_MC024_110_config.o)
                0x08012d90                g_KSA_LG_DAF1_Handle
 .rodata.g_KSA_5V_SNSR_PWR_Handle
                0x08012dcc        0x4 AppLayer.a(LG_MC024_110_config.o)
                0x08012dcc                g_KSA_5V_SNSR_PWR_Handle
 .rodata._SysWriteRange
                0x08012dd0       0x10 AppLayer.a(datacontainer.o)
                0x08012dd0                _SysWriteRange
 .rodata._SysProtectedWriteRange
                0x08012de0       0x10 AppLayer.a(datacontainer.o)
                0x08012de0                _SysProtectedWriteRange
 .rodata.g_KS_Os
                0x08012df0       0x2c AppLayer.a(datacontainer.o)
                0x08012df0                g_KS_Os
 .rodata._SysProtectedWriteRangeSize
                0x08012e1c        0x2 AppLayer.a(datacontainer.o)
                0x08012e1c                _SysProtectedWriteRangeSize
 *fill*         0x08012e1e        0x2 00
 .rodata._SysAllowedWriteRange
                0x08012e20       0x10 AppLayer.a(datacontainer.o)
                0x08012e20                _SysAllowedWriteRange
 .rodata._SysReadRange
                0x08012e30       0x18 AppLayer.a(datacontainer.o)
                0x08012e30                _SysReadRange
 .rodata._HexRange
                0x08012e48       0x40 AppLayer.a(datacontainer.o)
                0x08012e48                _HexRange
 .rodata._SysAllowedWriteRangeSize
                0x08012e88        0x2 AppLayer.a(datacontainer.o)
                0x08012e88                _SysAllowedWriteRangeSize
 .rodata._SysReadRangeSize
                0x08012e8a        0x2 AppLayer.a(datacontainer.o)
                0x08012e8a                _SysReadRangeSize
 .rodata._SysWriteRangeSize
                0x08012e8c        0x2 AppLayer.a(datacontainer.o)
                0x08012e8c                _SysWriteRangeSize
 *fill*         0x08012e8e        0x2 00
 .rodata.str1.4
                0x08012e90        0x8 AppLayer.a(task.o)
 .rodata.m_KSA_ActiveChannelListTimer1
                0x08012e98        0x8 AppLayer.a(DriverConfig.o)
 .rodata.m_U8A_QuadCountPairing
                0x08012ea0        0x8 AppLayer.a(DriverConfig.o)
 .rodata.g_KU8_Adc2MaxMuxCnt
                0x08012ea8        0x1 AppLayer.a(DriverConfig.o)
                0x08012ea8                g_KU8_Adc2MaxMuxCnt
 *fill*         0x08012ea9        0x3 00
 .rodata.g_SA_PwmConfig
                0x08012eac        0x4 AppLayer.a(DriverConfig.o)
                0x08012eac                g_SA_PwmConfig
 .rodata.g_KU8_SPI_ChipSelectEE
                0x08012eb0        0x1 AppLayer.a(DriverConfig.o)
                0x08012eb0                g_KU8_SPI_ChipSelectEE
 .rodata.g_KU8_Adc2MaxChannel
                0x08012eb1        0x1 AppLayer.a(DriverConfig.o)
                0x08012eb1                g_KU8_Adc2MaxChannel
 .rodata.g_KU8_Adc1ChMux
                0x08012eb2        0x1 AppLayer.a(DriverConfig.o)
                0x08012eb2                g_KU8_Adc1ChMux
 .rodata.g_KU8_Adc3ChMux
                0x08012eb3        0x1 AppLayer.a(DriverConfig.o)
                0x08012eb3                g_KU8_Adc3ChMux
 .rodata.g_KU8_Adc3MaxMuxCnt
                0x08012eb4        0x1 AppLayer.a(DriverConfig.o)
                0x08012eb4                g_KU8_Adc3MaxMuxCnt
 *fill*         0x08012eb5        0x3 00
 .rodata.g_KS_IcuConfig
                0x08012eb8       0x1c AppLayer.a(DriverConfig.o)
                0x08012eb8                g_KS_IcuConfig
 .rodata.g_KU8_Adc2ChInUse
                0x08012ed4        0x1 AppLayer.a(DriverConfig.o)
                0x08012ed4                g_KU8_Adc2ChInUse
 .rodata.g_KU8_Adc2ChRepScans
                0x08012ed5        0x1 AppLayer.a(DriverConfig.o)
                0x08012ed5                g_KU8_Adc2ChRepScans
 .rodata.g_K_U16_DefaultFrequency
                0x08012ed6        0x2 AppLayer.a(DriverConfig.o)
                0x08012ed6                g_K_U16_DefaultFrequency
 .rodata.m_KSA_IcuConfig
                0x08012ed8        0x8 AppLayer.a(DriverConfig.o)
 .rodata.g_KU8_Adc1ChInUse
                0x08012ee0        0x1 AppLayer.a(DriverConfig.o)
                0x08012ee0                g_KU8_Adc1ChInUse
 *fill*         0x08012ee1        0x3 00
 .rodata.m_KSA_ActiveChannelListTimer3
                0x08012ee4        0x8 AppLayer.a(DriverConfig.o)
 .rodata.m_KS_ADC1Config
                0x08012eec       0x10 AppLayer.a(DriverConfig.o)
 .rodata.g_KU8_Adc1MaxChannel
                0x08012efc        0x1 AppLayer.a(DriverConfig.o)
                0x08012efc                g_KU8_Adc1MaxChannel
 *fill*         0x08012efd        0x3 00
 .rodata.m_KSA_ActiveChannelListTimer
                0x08012f00        0x8 AppLayer.a(DriverConfig.o)
 .rodata.m_U8A_PhaseDetectPairing
                0x08012f08        0x8 AppLayer.a(DriverConfig.o)
 .rodata.m_KS_ADC3Config
                0x08012f10       0x10 AppLayer.a(DriverConfig.o)
 .rodata.g_KU8_Adc2ChMux
                0x08012f20        0x1 AppLayer.a(DriverConfig.o)
                0x08012f20                g_KU8_Adc2ChMux
 .rodata.g_KU8_Adc1ChRepScans
                0x08012f21        0x1 AppLayer.a(DriverConfig.o)
                0x08012f21                g_KU8_Adc1ChRepScans
 *fill*         0x08012f22        0x2 00
 .rodata.m_KU32A_ChannelEdgeMask
                0x08012f24       0x18 AppLayer.a(DriverConfig.o)
 .rodata.g_KS_AdcConfig
                0x08012f3c       0x20 AppLayer.a(DriverConfig.o)
                0x08012f3c                g_KS_AdcConfig
 .rodata.g_KU8_Adc3ChInUse
                0x08012f5c        0x1 AppLayer.a(DriverConfig.o)
                0x08012f5c                g_KU8_Adc3ChInUse
 *fill*         0x08012f5d        0x3 00
 .rodata.g_KS_PwmConfig
                0x08012f60        0x8 AppLayer.a(DriverConfig.o)
                0x08012f60                g_KS_PwmConfig
 .rodata.g_KU8_Adc1MaxMuxCnt
                0x08012f68        0x1 AppLayer.a(DriverConfig.o)
                0x08012f68                g_KU8_Adc1MaxMuxCnt
 .rodata.g_KU8_MaxADChannels
                0x08012f69        0x1 AppLayer.a(DriverConfig.o)
                0x08012f69                g_KU8_MaxADChannels
 *fill*         0x08012f6a        0x2 00
 .rodata.g_KS_DacConfig
                0x08012f6c        0x4 AppLayer.a(DriverConfig.o)
                0x08012f6c                g_KS_DacConfig
 .rodata.g_KU8_Adc3ChRepScans
                0x08012f70        0x1 AppLayer.a(DriverConfig.o)
                0x08012f70                g_KU8_Adc3ChRepScans
 *fill*         0x08012f71        0x3 00
 .rodata.m_KS_ADC2Config
                0x08012f74       0x10 AppLayer.a(DriverConfig.o)
 .rodata.g_KpSA_MC_SLAVEPtr
                0x08012f84        0x8 AppLayer.a(interface.o)
                0x08012f84                g_KpSA_MC_SLAVEPtr
 .rodata.g_KpSA_D_MC_InPtr
                0x08012f8c       0x18 AppLayer.a(interface.o)
                0x08012f8c                g_KpSA_D_MC_InPtr
 .rodata.g_KpSA_DAINTR_MC_Ptr
                0x08012fa4        0x8 AppLayer.a(interface.o)
                0x08012fa4                g_KpSA_DAINTR_MC_Ptr
 .rodata.g_KpSA_MFOUT_MC_Ptr
                0x08012fac       0x10 AppLayer.a(interface.o)
                0x08012fac                g_KpSA_MFOUT_MC_Ptr
 .rodata.g_KpSA_VldpAdInMCPtr
                0x08012fbc        0x4 AppLayer.a(interface.o)
                0x08012fbc                g_KpSA_VldpAdInMCPtr
 .rodata.g_KpSA_MC_GroupPtr
                0x08012fc0        0x8 AppLayer.a(interface.o)
                0x08012fc0                g_KpSA_MC_GroupPtr
 .rodata.g_KpSA_DAIN_MC_Ptr
                0x08012fc8        0x4 AppLayer.a(interface.o)
                0x08012fc8                g_KpSA_DAIN_MC_Ptr
 .rodata.g_KpSA_LedPtr
                0x08012fcc        0x4 AppLayer.a(interface.o)
                0x08012fcc                g_KpSA_LedPtr
 .rodata.g_KpSA_5VSensorPwrPtr
                0x08012fd0        0x4 AppLayer.a(interface.o)
                0x08012fd0                g_KpSA_5VSensorPwrPtr
 .rodata.g_KpSA_MFIN_DAF_MC_Ptr
                0x08012fd4       0x14 AppLayer.a(interface.o)
                0x08012fd4                g_KpSA_MFIN_DAF_MC_Ptr
 .rodata.g_KpSA_MC_MASTERPtr
                0x08012fe8        0x8 AppLayer.a(interface.o)
                0x08012fe8                g_KpSA_MC_MASTERPtr
 .rodata.g_KpSA_SocketCan
                0x08012ff0        0x4 AppLayer.a(CAN.o)
                0x08012ff0                g_KpSA_SocketCan
 .rodata._id_InfoBlockRangeSize
                0x08012ff4        0x2 AppLayer.a(KWP2kService.o)
                0x08012ff4                _id_InfoBlockRangeSize
 *fill*         0x08012ff6        0x2 00
 .rodata._id_InfoBlockRange
                0x08012ff8       0x20 AppLayer.a(KWP2kService.o)
                0x08012ff8                _id_InfoBlockRange
 .rodata.PageAddr
                0x08013018        0x4 AppLayer.a(NVAPI.o)
 .rodata.CSWTCH.49
                0x0801301c        0xc AppLayer.a(NVAPI.o)
 .rodata._NVINTPND
                0x08013028        0x8 AppLayer.a(NVAPI.o)
 .rodata.CSWTCH.36
                0x08013030        0x8 AppLayer.a(CanSTM32f2xx.o)
 .rodata.CSWTCH.48
                0x08013038        0x8 AppLayer.a(CanSTM32f2xx.o)
 .rodata.CSWTCH.41
                0x08013040        0x8 AppLayer.a(CanSTM32f2xx.o)
 .rodata.g_S_CanSTM32f2xxDriver
                0x08013048       0x38 AppLayer.a(CanSTM32f2xx.o)
                0x08013048                g_S_CanSTM32f2xxDriver
 .rodata.CSWTCH.12
                0x08013080        0x8 AppLayer.a(CanSTM32f2xx.o)
 .rodata.CSWTCH.15
                0x08013088        0x8 AppLayer.a(CanSTM32f2xx.o)
 .rodata.CSWTCH.22
                0x08013090        0x8 AppLayer.a(CanSTM32f2xx.o)
 .rodata.CSWTCH.25
                0x08013098        0x8 AppLayer.a(CanSTM32f2xx.o)
 .rodata.CSWTCH.31
                0x080130a0        0x8 AppLayer.a(CanSTM32f2xx.o)
 .rodata._OpenSysWriteRangeSize
                0x080130a8        0x2 AppLayer.a(KWP2kApp.o)
                0x080130a8                _OpenSysWriteRangeSize
 *fill*         0x080130aa        0x2 00
 .rodata._OpenSysWriteRange
                0x080130ac       0x18 AppLayer.a(KWP2kApp.o)
                0x080130ac                _OpenSysWriteRange
 .rodata._OpenSysReadRange
                0x080130c4       0x18 AppLayer.a(KWP2kApp.o)
                0x080130c4                _OpenSysReadRange
 .rodata.m_KS_KWP2kApp_OpenReadAccess
                0x080130dc       0x34 AppLayer.a(KWP2kApp.o)
 .rodata._OpenSysReadRangeSize
                0x08013110        0x2 AppLayer.a(KWP2kApp.o)
                0x08013110                _OpenSysReadRangeSize
 *fill*         0x08013112        0x2 00
 .rodata.WriteDataByExtendedAddress_InProgress
                0x08013114        0xc AppLayer.a(KWP2kApp.o)
 .rodata.CSWTCH.5
                0x08013120        0xc AppLayer.a(adc.o)
 .rodata.CSWTCH.6
                0x0801312c        0xc AppLayer.a(adc.o)
 .rodata.CSWTCH.7
                0x08013138        0xc AppLayer.a(adc.o)
 .rodata.CSWTCH.11
                0x08013144        0xc AppLayer.a(adc.o)
 .rodata.g_KU16_sizeof_Room
                0x08013150        0x2 AppLayer.a(room.o)
                0x08013150                g_KU16_sizeof_Room
 *fill*         0x08013152        0x2 00
 .rodata.g_KU8_Room
                0x08013154       0x28 AppLayer.a(room.o)
                0x08013154                g_KU8_Room
 .rodata.g_KU8_Sky
                0x0801317c       0x2c AppLayer.a(sky.o)
                0x0801317c                g_KU8_Sky
 .rodata.g_KU16_SizeOf_Sky
                0x080131a8        0x2 AppLayer.a(sky.o)
                0x080131a8                g_KU16_SizeOf_Sky
 *(.glue_7t)
 .glue_7t       0x00000000        0x0 linker stubs
 *(.glue_7)
 .glue_7        0x00000000        0x0 linker stubs
 *(.gcc*)

.vfp11_veneer   0x080131ac        0x0
 .vfp11_veneer  0x00000000        0x0 linker stubs

.v4_bx          0x080131ac        0x0
 .v4_bx         0x00000000        0x0 linker stubs

.iplt           0x080131ac        0x0
 .iplt          0x00000000        0x0 _NVDATA.o

.rel.dyn        0x080131ac        0x0
 .rel.iplt      0x00000000        0x0 _NVDATA.o

.ctors          0x080131ac        0x0
                0x080131ac                PROVIDE (_ctors_start_, .)
 *(SORT(.ctors.*))
 *(.ctors)
                0x080131ac                PROVIDE (_ctors_end_, .)

.dtors          0x080131ac        0x0
                0x080131ac                PROVIDE (_dtors_start_, .)
 *(SORT(.dtors.*))
 *(.dtors)
                0x080131ac                PROVIDE (_dtors_end_, .)

.ARM.extab
 *(.ARM.extab* .gnu.linkonce.armextab.*)
                0x080131ac                __exidx_start = .

.ARM.exidx
 *(.ARM.exidx* .gnu.linkonce.armexidx.*)
                0x080131ac                __exidx_end = .

.eh_frame_hdr
 *(.eh_frame_hdr)

.eh_frame
 *(.eh_frame)
                0x080131ac                . = ALIGN (0x4)
                0x080131ac                _sidata = .
                0x080131ac                _textdata = _sidata

.isr_vector_RAM
                0x20000000      0x400
                0x20000000                . = ALIGN (0x4)
                0x20000000                __ram_vector_table_start = .
 *(.isr_vector_RAM)
 .isr_vector_RAM
                0x20000000      0x400 AppLayer.a(vector.o)
                0x20000000                K_U32_VecTable
                0x20000400                . = ALIGN (0x4)

.SharedMemory   0x20000400       0x1c
                0x20000400                . = ALIGN (0x4)
 *(.SharedMemory)
 .SharedMemory  0x20000400       0x1c AppLayer.a(system.o)
                0x20000400                g_S_BootInfo
                0x2000041c                . = ALIGN (0x4)

.CommRAMbss     0x20000480      0x6c0
                0x20000480                _CommRAMbss_start = .
                0x20000480                . = ALIGN (0x4)
 *(.CommRAMbss)
 .CommRAMbss    0x20000480      0x640 AppLayer.a(CAN.o)
 .CommRAMbss    0x20000ac0       0x80 AppLayer.a(KWP2kService.o)
                0x20000b40                . = ALIGN (0x4)
                0x20000b40                _CommRAMbss_end = .

.AppLayerbss    0x20000b40        0x0
                0x20000b40                _AppLayerbss_start = .
 *AppLayer.a(.bss)
                0x20000b40                . = ALIGN (0x4)
 *AppLayer.a(.bss.*)
                0x20000b40                . = ALIGN (0x4)
 *AppLayer.a(COMMON)
                0x20000b40                . = ALIGN (0x4)
                0x20000b40                _AppLayerbss_end = .

.UserNVRAMbss   0x20000b40        0x0
                0x20000b40                _UserNVRAMbss_start = .
                0x20000b40                . = ALIGN (0x4)
 *(.UserNVRAMbss)
                0x20000b40                . = ALIGN (0x4)
                0x20000b40                _UserNVRAMbss_end = .

.bss            0x20000b40     0x3afc
                0x20000b40                _bss_start = .
 *(.bss)
 .bss           0x20000b40       0x74 MC024_110_LG_112T.OBJ
                0x20000bb4                . = ALIGN (0x4)
 *(.bss.*)
 .bss.ucActiveIsr.6615
                0x20000bb4        0x1 cstart.o
 .bss.m_B_DoExitDefaultHandler
                0x20000bb5        0x1 cstart.o
                0x20000bb5                m_B_DoExitDefaultHandler
 *fill*         0x20000bb6        0x2 00
 .bss.m_S_KernelTcb
                0x20000bb8       0x18 AppLayer.a(main.o)
 .bss.m_SA_KernelStack
                0x20000bd0      0x4d0 AppLayer.a(main.o)
 .bss.m_pF_LimpModeEventFunction
                0x200010a0        0x4 AppLayer.a(wdog.o)
 .bss.meHwInfoUpdateFLag
                0x200010a4        0x1 AppLayer.a(unitinfo.o)
 *fill*         0x200010a5        0x3 00
 .bss.msConfiguration
                0x200010a8       0x28 AppLayer.a(unitinfo.o)
 .bss.m_pS_End  0x200010d0        0x4 AppLayer.a(RTOS_Chibios.o)
 .bss.T10ms.7040
                0x200010d4        0x4 AppLayer.a(RTOS_Chibios.o)
 .bss.m_pS_Start
                0x200010d8        0x4 AppLayer.a(RTOS_Chibios.o)
 .bss.oldhtime.7020
                0x200010dc        0x4 AppLayer.a(RTOS_Chibios.o)
 .bss.OldTime_ms.7045
                0x200010e0        0x4 AppLayer.a(RTOS_Chibios.o)
 *fill*         0x200010e4        0x4 00
 .bss.m_t_OsStack
                0x200010e8      0x2d0 AppLayer.a(RTOS_Chibios.o)
 .bss.g_MicroSecSemaphore
                0x200013b8        0xc AppLayer.a(RTOS_Chibios.o)
 .bss.usTime.7019
                0x200013c4        0x4 AppLayer.a(RTOS_Chibios.o)
 .bss.m_S_TCBOs
                0x200013c8       0x18 AppLayer.a(RTOS_Chibios.o)
 .bss.m_U8A_ReadBackBuffer
                0x200013e0       0x20 AppLayer.a(EEPROMdrv.o)
 .bss.m_U16_StatusEEPROM
                0x20001400        0x2 AppLayer.a(EEPROMdrv.o)
 *fill*         0x20001402        0x2 00
 .bss.mainthread.4778
                0x20001404       0x48 AppLayer.a(chsys.o)
 .bss.endmem    0x2000144c        0x4 AppLayer.a(chmemcore.o)
 .bss.nextmem   0x20001450        0x4 AppLayer.a(chmemcore.o)
 *fill*         0x20001454        0x4 00
 .bss.default_heap
                0x20001458       0x20 AppLayer.a(chheap.o)
 .bss.g_KU16A_MMIO_Write_Image
                0x20001478        0x0 AppLayer.a(LG_MC024_110_config.o)
                0x20001478                g_KU16A_MMIO_Write_Image
 .bss.g_KU8A_SERIAL_IO_Read_Image
                0x20001478        0x0 AppLayer.a(LG_MC024_110_config.o)
                0x20001478                g_KU8A_SERIAL_IO_Read_Image
 .bss.g_KU16A_MMIO_Read_Image
                0x20001478        0x0 AppLayer.a(LG_MC024_110_config.o)
                0x20001478                g_KU16A_MMIO_Read_Image
 .bss.g_KU8A_SERIAL_IO_Write_Image
                0x20001478        0x0 AppLayer.a(LG_MC024_110_config.o)
                0x20001478                g_KU8A_SERIAL_IO_Write_Image
 .bss.m_B_OSStart
                0x20001478        0x1 AppLayer.a(task.o)
 *fill*         0x20001479        0x3 00
 .bss.m_S_Tcb   0x2000147c       0x18 AppLayer.a(task.o)
 .bss.m_B_CanStartUpBaudrateStoreFlag
                0x20001494        0x1 AppLayer.a(task.o)
 *fill*         0x20001495        0x3 00
 .bss.m_U32A_CanStartUpBaudrate
                0x20001498        0x4 AppLayer.a(task.o)
 *fill*         0x2000149c        0x4 00
 .bss.m_U16A_TASK1Stack
                0x200014a0     0x10d0 AppLayer.a(task.o)
 .bss.g_EA_SetDio
                0x20002570        0x4 AppLayer.a(DriverConfig.o)
                0x20002570                g_EA_SetDio
 .bss.m_U16A_CRCDummy
                0x20002574       0x14 AppLayer.a(CalcProgramCrc.o)
 .bss.m_B_InitDone
                0x20002588        0x1 AppLayer.a(CalcProgramCrc.o)
 .bss.NumberIntCanController
                0x20002589        0x1 AppLayer.a(CAN.o)
 *fill*         0x2000258a        0x2 00
 .bss.B_ResetReq.6776
                0x2000258c        0x4 AppLayer.a(CAN.o)
 .bss.m_S_CANShadow
                0x20002590        0xc AppLayer.a(CAN.o)
 .bss.m_S_ECUInfoBlock10
                0x2000259c       0x14 AppLayer.a(KWP2kService.o)
 .bss.m_S_ECUInfoBlock6
                0x200025b0       0x20 AppLayer.a(KWP2kService.o)
 .bss.B_DoWriteUnitInfo
                0x200025d0        0x1 AppLayer.a(KWP2kService.o)
 *fill*         0x200025d1        0x3 00
 .bss.M_S_UnitInfoWriteBuffer
                0x200025d4       0xb4 AppLayer.a(KWP2kService.o)
 .bss.B_UnitInfoWriteInProgress
                0x20002688        0x1 AppLayer.a(KWP2kService.o)
 *fill*         0x20002689        0x3 00
 .bss.m_S_KWP2kSocketInitData
                0x2000268c        0x8 AppLayer.a(KWP2kService.o)
 .bss.m_S_AppHnd0
                0x20002694      0x388 AppLayer.a(KWP2kService.o)
 .bss.m_S_CanSymTxList
                0x20002a1c        0x8 AppLayer.a(CanSymbol.o)
 .bss.m_B_CanSymbolsAreDisabled
                0x20002a24        0x1 AppLayer.a(CanSymbol.o)
 .bss._LoopAllCanRxSymb
                0x20002a25        0x1 AppLayer.a(CanSymbol.o)
                0x20002a25                _LoopAllCanRxSymb
 *fill*         0x20002a26        0x2 00
 .bss.m_S_CanSymRxList
                0x20002a28        0x8 AppLayer.a(CanSymbol.o)
 .bss.m_SA_DAFIn_Freq_Filter
                0x20002a30       0x14 AppLayer.a(LG_DAF1.o)
 .bss.m_SA_DAFIn_Duty_Filter
                0x20002a44       0x14 AppLayer.a(LG_DAF1.o)
 .bss.m_SA_DAFIn_Phase_Filter
                0x20002a58       0x28 AppLayer.a(LG_DAF1.o)
 .bss.m_SA_DAFIn_Per_Filter
                0x20002a80       0x28 AppLayer.a(LG_DAF1.o)
 .bss.m_U16_PinConfig
                0x20002aa8        0x4 AppLayer.a(LG_PWM2.o)
 .bss.m_U16A_DitherFreqOld
                0x20002aac        0x8 AppLayer.a(LG_PWM2.o)
 .bss.m_U16A_DitherAmpOld
                0x20002ab4        0x8 AppLayer.a(LG_PWM2.o)
 .bss.m_S32A_OldOutputValueM
                0x20002abc        0x8 AppLayer.a(LG_PWM2.o)
 .bss.m_S32A_OldOutputValueS
                0x20002ac4        0x8 AppLayer.a(LG_PWM2.o)
 .bss.m_U16A_CurChgLim
                0x20002acc        0x8 AppLayer.a(LG_PWM2.o)
 .bss.PendingCount
                0x20002ad4        0x2 AppLayer.a(NVAPI.o)
 *fill*         0x20002ad6        0x2 00
 .bss.PageCS    0x20002ad8        0x4 AppLayer.a(NVAPI.o)
 .bss.PageCSPos
                0x20002adc        0x4 AppLayer.a(NVAPI.o)
 .bss.PendingBitMutex
                0x20002ae0       0x10 AppLayer.a(NVAPI.o)
 .bss.PageNr    0x20002af0        0x2 AppLayer.a(NVAPI.o)
 .bss.PageChanged
                0x20002af2        0x1 AppLayer.a(NVAPI.o)
 .bss.InitWriteDone.5658
                0x20002af3        0x1 AppLayer.a(NVAPI.o)
 .bss.m_B_DacIsInitialized
                0x20002af4        0x1 AppLayer.a(dac.o)
 *fill*         0x20002af5        0x3 00
 .bss.m_s_DacWorkingStruct
                0x20002af8        0xc AppLayer.a(dac.o)
 .bss.g_KpS_KpSA_ConfigPtrCopy
                0x20002b04        0x4 AppLayer.a(adcComplex.o)
 .bss.Rx0ThreadWorkingArea
                0x20002b08      0x3d0 AppLayer.a(CanSTM32f2xx.o)
 .bss.Tx1ThreadWorkingArea
                0x20002ed8      0x2d0 AppLayer.a(CanSTM32f2xx.o)
 .bss.msg       0x200031a8       0xc0 AppLayer.a(CanSTM32f2xx.o)
 .bss.Rx1ThreadWorkingArea
                0x20003268      0x3d0 AppLayer.a(CanSTM32f2xx.o)
 .bss.tpTx1     0x20003638        0x4 AppLayer.a(CanSTM32f2xx.o)
 .bss.mbRx      0x2000363c       0x50 AppLayer.a(CanSTM32f2xx.o)
 .bss.tpTx0     0x2000368c        0x4 AppLayer.a(CanSTM32f2xx.o)
 .bss.Tx0ThreadWorkingArea
                0x20003690      0x2d0 AppLayer.a(CanSTM32f2xx.o)
 .bss.m_U16A_NumOfDitherSamples
                0x20003960       0x14 AppLayer.a(CurrentDriver.o)
 .bss.m_U16_TMR_SR
                0x20003974        0x2 AppLayer.a(CurrentDriver.o)
 *fill*         0x20003976        0x2 00
 .bss.m_U16A_MaxChangeInCmd
                0x20003978       0x14 AppLayer.a(CurrentDriver.o)
 .bss.g_BA_SingleFetOutputMode
                0x2000398c        0xc AppLayer.a(CurrentDriver.o)
                0x2000398c                g_BA_SingleFetOutputMode
 .bss.g_U16_PwmEnable
                0x20003998        0x2 AppLayer.a(CurrentDriver.o)
                0x20003998                g_U16_PwmEnable
 *fill*         0x2000399a        0x2 00
 .bss.m_U16A_FdbckSamplesCounter
                0x2000399c       0x14 AppLayer.a(CurrentDriver.o)
 .bss.g_U16_FeedbackStable
                0x200039b0        0x2 AppLayer.a(CurrentDriver.o)
                0x200039b0                g_U16_FeedbackStable
 *fill*         0x200039b2        0x2 00
 .bss.m_U32_BatterySum
                0x200039b4        0x4 AppLayer.a(CurrentDriver.o)
 .bss.m_U32A_AninSum
                0x200039b8       0x28 AppLayer.a(CurrentDriver.o)
 .bss.m_U16_BatteryCount
                0x200039e0        0x2 AppLayer.a(CurrentDriver.o)
 .bss.bTimersInitialized
                0x200039e2        0x1 AppLayer.a(iDriveInterface.o)
 *fill*         0x200039e3        0x1 00
 .bss.g_U16_CurrentDriverConfig
                0x200039e4        0x2 AppLayer.a(iDriveInterface.o)
                0x200039e4                g_U16_CurrentDriverConfig
 .bss.m_U16_NmbMs
                0x200039e6        0x2 AppLayer.a(History.o)
 .bss.m_U16_HistorySize
                0x200039e8        0x2 AppLayer.a(History.o)
 .bss.m_U16_HistEntryNmb
                0x200039ea        0x2 AppLayer.a(History.o)
 .bss.m_pS_RunStruct
                0x200039ec        0x4 AppLayer.a(History.o)
 .bss.m_BA_RoomIsLocked
                0x200039f0        0x4 AppLayer.a(KWP2kApp.o)
 .bss.U16_ChannelCounter.6832
                0x200039f4        0x2 AppLayer.a(KWP2kApp.o)
 *fill*         0x200039f6        0x2 00
 .bss.m_U32A_Seed1
                0x200039f8        0xc AppLayer.a(KWP2kApp.o)
 .bss.m_U32A_Seed2
                0x20003a04        0xc AppLayer.a(KWP2kApp.o)
 .bss.m_BA_SkyIsLocked
                0x20003a10        0x4 AppLayer.a(KWP2kApp.o)
 .bss.m_BA_LockTool
                0x20003a14        0x4 AppLayer.a(KWP2kApp.o)
 .bss.KWP2kAppWriteByExtIDFuncPtr
                0x20003a18        0x4 AppLayer.a(KWP2kApp.o)
 .bss.m_SA_KWP2k_StorageArea
                0x20003a1c       0x24 AppLayer.a(KWP2kApp.o)
 .bss.KWP2kAppModuleIsInitialized.6797
                0x20003a40        0x1 AppLayer.a(KWP2kApp.o)
 *fill*         0x20003a41        0x3 00
 .bss.KWP2kAppReadByExtIDFuncPtr
                0x20003a44        0x4 AppLayer.a(KWP2kApp.o)
 .bss.m_S_ICUWorkingStruct
                0x20003a48        0x8 AppLayer.a(ICU.o)
 .bss.m_U32_PreviousTimeTIM1_Ch1
                0x20003a50        0x4 AppLayer.a(Icu_Irq.o)
 .bss.m_U32_PreviousTimeTIM1_Ch2
                0x20003a54        0x4 AppLayer.a(Icu_Irq.o)
 .bss.m_U32_PreviousTimeTIM1_Ch3
                0x20003a58        0x4 AppLayer.a(Icu_Irq.o)
 .bss.m_U32_PreviousTimeTIM1_Ch4
                0x20003a5c        0x4 AppLayer.a(Icu_Irq.o)
 .bss.m_U16_LocalOvrflwCntTIM3_Ch1
                0x20003a60        0x2 AppLayer.a(Icu_Irq.o)
 .bss.m_U16_LocalOvrflwCntTIM3_Ch2
                0x20003a62        0x2 AppLayer.a(Icu_Irq.o)
 .bss.m_U16_LocalOvrflwCntTIM3_Ch3
                0x20003a64        0x2 AppLayer.a(Icu_Irq.o)
 .bss.m_U16_LocalOvrflwCntTIM3_Ch4
                0x20003a66        0x2 AppLayer.a(Icu_Irq.o)
 .bss.m_U16_TimerOvrflwCountTIM1
                0x20003a68        0x2 AppLayer.a(Icu_Irq.o)
 .bss.m_U16_TimerOvrflwCountTIM3
                0x20003a6a        0x2 AppLayer.a(Icu_Irq.o)
 .bss.m_U32_LatestTimeTIM3_Ch1
                0x20003a6c        0x4 AppLayer.a(Icu_Irq.o)
 .bss.m_U32_LatestTimeTIM3_Ch2
                0x20003a70        0x4 AppLayer.a(Icu_Irq.o)
 .bss.m_U32_LatestTimeTIM3_Ch3
                0x20003a74        0x4 AppLayer.a(Icu_Irq.o)
 .bss.m_U32_LatestTimeTIM3_Ch4
                0x20003a78        0x4 AppLayer.a(Icu_Irq.o)
 .bss.m_U32_TimerReadingTIM1_Ch1
                0x20003a7c        0x4 AppLayer.a(Icu_Irq.o)
 .bss.m_U32_TimerReadingTIM1_Ch2
                0x20003a80        0x4 AppLayer.a(Icu_Irq.o)
 .bss.m_U32_TimerReadingTIM1_Ch3
                0x20003a84        0x4 AppLayer.a(Icu_Irq.o)
 .bss.m_U32_TimerReadingTIM1_Ch4
                0x20003a88        0x4 AppLayer.a(Icu_Irq.o)
 .bss.m_U16_ValidReadingCountTIM1_Ch1
                0x20003a8c        0x2 AppLayer.a(Icu_Irq.o)
 .bss.m_U16_ValidReadingCountTIM1_Ch2
                0x20003a8e        0x2 AppLayer.a(Icu_Irq.o)
 .bss.m_U16_ValidReadingCountTIM1_Ch3
                0x20003a90        0x2 AppLayer.a(Icu_Irq.o)
 .bss.m_U16_ValidReadingCountTIM1_Ch4
                0x20003a92        0x2 AppLayer.a(Icu_Irq.o)
 .bss.m_U32_PreviousTimeTIM3_Ch1
                0x20003a94        0x4 AppLayer.a(Icu_Irq.o)
 .bss.m_U32_PreviousTimeTIM3_Ch2
                0x20003a98        0x4 AppLayer.a(Icu_Irq.o)
 .bss.m_U32_PreviousTimeTIM3_Ch3
                0x20003a9c        0x4 AppLayer.a(Icu_Irq.o)
 .bss.m_U32_TimerReadingTIM3_Ch4
                0x20003aa0        0x4 AppLayer.a(Icu_Irq.o)
 .bss.m_U16_LocalOvrflwCntTIM1_Ch4
                0x20003aa4        0x2 AppLayer.a(Icu_Irq.o)
 .bss.m_U16_LocalOvrflwCntTIM1_Ch1
                0x20003aa6        0x2 AppLayer.a(Icu_Irq.o)
 .bss.m_U16_LocalOvrflwCntTIM1_Ch2
                0x20003aa8        0x2 AppLayer.a(Icu_Irq.o)
 .bss.m_U16_LocalOvrflwCntTIM1_Ch3
                0x20003aaa        0x2 AppLayer.a(Icu_Irq.o)
 .bss.m_U32_LatestTimeTIM1_Ch3
                0x20003aac        0x4 AppLayer.a(Icu_Irq.o)
 .bss.m_U32_LatestTimeTIM1_Ch4
                0x20003ab0        0x4 AppLayer.a(Icu_Irq.o)
 .bss.g_B_PhaseEnTIM3_Ch1
                0x20003ab4        0x2 AppLayer.a(Icu_Irq.o)
                0x20003ab4                g_B_PhaseEnTIM3_Ch1
 .bss.g_B_PhaseEnTIM3_Ch2
                0x20003ab6        0x2 AppLayer.a(Icu_Irq.o)
                0x20003ab6                g_B_PhaseEnTIM3_Ch2
 .bss.m_U32_LatestTimeTIM1_Ch1
                0x20003ab8        0x4 AppLayer.a(Icu_Irq.o)
 .bss.m_U32_LatestTimeTIM1_Ch2
                0x20003abc        0x4 AppLayer.a(Icu_Irq.o)
 .bss.m_U32_TimerReadingTIM3_Ch1
                0x20003ac0        0x4 AppLayer.a(Icu_Irq.o)
 .bss.m_U32_TimerReadingTIM3_Ch2
                0x20003ac4        0x4 AppLayer.a(Icu_Irq.o)
 .bss.m_U32_TimerReadingTIM3_Ch3
                0x20003ac8        0x4 AppLayer.a(Icu_Irq.o)
 .bss.vpTimer10CallBackFunction
                0x20003acc        0x4 AppLayer.a(Icu_Irq.o)
 .bss.m_U16_ValidReadingCountTIM3_Ch1
                0x20003ad0        0x2 AppLayer.a(Icu_Irq.o)
 .bss.m_U16_ValidReadingCountTIM3_Ch2
                0x20003ad2        0x2 AppLayer.a(Icu_Irq.o)
 .bss.m_U16_ValidReadingCountTIM3_Ch3